Archive member included to satisfy reference by file (symbol)

/usr/lib/gcc/arm-none-eabi/14.2.1/thumb/v6-m/nofp/libgcc.a(_dvmd_tls.o)
                              CMakeFiles/pokemon_bank.dir/home/corey/pico-sdk/src/rp2_common/pico_divider/divider_hardware.S.o (__aeabi_idiv0)
/usr/lib/gcc/arm-none-eabi/14.2.1/../../../arm-none-eabi/lib/thumb/v6-m/nofp/libg.a(libc_a-strlen-stub.o)
                              CMakeFiles/pokemon_bank.dir/src/webui_protocol.c.o (strlen)
/usr/lib/gcc/arm-none-eabi/14.2.1/../../../arm-none-eabi/lib/thumb/v6-m/nofp/libg.a(libc_a-strchr.o)
                              CMakeFiles/pokemon_bank.dir/src/webui_protocol.c.o (strchr)
/usr/lib/gcc/arm-none-eabi/14.2.1/../../../arm-none-eabi/lib/thumb/v6-m/nofp/libg.a(libc_a-strstr.o)
                              CMakeFiles/pokemon_bank.dir/src/webui_protocol.c.o (strstr)
/usr/lib/gcc/arm-none-eabi/14.2.1/../../../arm-none-eabi/lib/thumb/v6-m/nofp/libg.a(libc_a-fini.o)
                              /usr/lib/gcc/arm-none-eabi/14.2.1/../../../arm-none-eabi/lib/thumb/v6-m/nofp/crt0.o (__libc_fini_array)
/usr/lib/gcc/arm-none-eabi/14.2.1/../../../arm-none-eabi/lib/thumb/v6-m/nofp/libg.a(libc_a-calloc.o)
                              CMakeFiles/pokemon_bank.dir/home/corey/pico-sdk/src/rp2_common/pico_malloc/malloc.c.o (calloc)
/usr/lib/gcc/arm-none-eabi/14.2.1/../../../arm-none-eabi/lib/thumb/v6-m/nofp/libg.a(libc_a-callocr.o)
                              /usr/lib/gcc/arm-none-eabi/14.2.1/../../../arm-none-eabi/lib/thumb/v6-m/nofp/libg.a(libc_a-calloc.o) (_calloc_r)
/usr/lib/gcc/arm-none-eabi/14.2.1/../../../arm-none-eabi/lib/thumb/v6-m/nofp/libg.a(libc_a-realloc.o)
                              CMakeFiles/pokemon_bank.dir/home/corey/pico-sdk/src/rp2_common/pico_malloc/malloc.c.o (realloc)
/usr/lib/gcc/arm-none-eabi/14.2.1/../../../arm-none-eabi/lib/thumb/v6-m/nofp/libg.a(libc_a-mallocr.o)
                              /usr/lib/gcc/arm-none-eabi/14.2.1/../../../arm-none-eabi/lib/thumb/v6-m/nofp/libg.a(libc_a-callocr.o) (_malloc_r)
/usr/lib/gcc/arm-none-eabi/14.2.1/../../../arm-none-eabi/lib/thumb/v6-m/nofp/libg.a(libc_a-freer.o)
                              /usr/lib/gcc/arm-none-eabi/14.2.1/../../../arm-none-eabi/lib/thumb/v6-m/nofp/libg.a(libc_a-mallocr.o) (_free_r)
/usr/lib/gcc/arm-none-eabi/14.2.1/../../../arm-none-eabi/lib/thumb/v6-m/nofp/libg.a(libc_a-memcmp.o)
                              CMakeFiles/pokemon_bank.dir/src/pokemon_storage.c.o (memcmp)
/usr/lib/gcc/arm-none-eabi/14.2.1/../../../arm-none-eabi/lib/thumb/v6-m/nofp/libg.a(libc_a-strtol.o)
                              CMakeFiles/pokemon_bank.dir/src/webui_protocol.c.o (strtol)
/usr/lib/gcc/arm-none-eabi/14.2.1/../../../arm-none-eabi/lib/thumb/v6-m/nofp/libg.a(libc_a-errno.o)
                              /usr/lib/gcc/arm-none-eabi/14.2.1/../../../arm-none-eabi/lib/thumb/v6-m/nofp/libg.a(libc_a-callocr.o) (__errno)
/usr/lib/gcc/arm-none-eabi/14.2.1/../../../arm-none-eabi/lib/thumb/v6-m/nofp/libg.a(libc_a-malloc.o)
                              CMakeFiles/pokemon_bank.dir/home/corey/pico-sdk/src/rp2_common/pico_malloc/malloc.c.o (malloc)
/usr/lib/gcc/arm-none-eabi/14.2.1/../../../arm-none-eabi/lib/thumb/v6-m/nofp/libg.a(libc_a-reallocr.o)
                              /usr/lib/gcc/arm-none-eabi/14.2.1/../../../arm-none-eabi/lib/thumb/v6-m/nofp/libg.a(libc_a-realloc.o) (_realloc_r)
/usr/lib/gcc/arm-none-eabi/14.2.1/../../../arm-none-eabi/lib/thumb/v6-m/nofp/libg.a(libc_a-mktime.o)
                              CMakeFiles/pokemon_bank.dir/home/corey/pico-sdk/src/common/pico_util/datetime.c.o (mktime)
/usr/lib/gcc/arm-none-eabi/14.2.1/../../../arm-none-eabi/lib/thumb/v6-m/nofp/libg.a(libc_a-mlock.o)
                              /usr/lib/gcc/arm-none-eabi/14.2.1/../../../arm-none-eabi/lib/thumb/v6-m/nofp/libg.a(libc_a-mallocr.o) (__malloc_lock)
/usr/lib/gcc/arm-none-eabi/14.2.1/../../../arm-none-eabi/lib/thumb/v6-m/nofp/libg.a(libc_a-tzlock.o)
                              /usr/lib/gcc/arm-none-eabi/14.2.1/../../../arm-none-eabi/lib/thumb/v6-m/nofp/libg.a(libc_a-mktime.o) (__tz_lock)
/usr/lib/gcc/arm-none-eabi/14.2.1/../../../arm-none-eabi/lib/thumb/v6-m/nofp/libg.a(libc_a-sbrkr.o)
                              /usr/lib/gcc/arm-none-eabi/14.2.1/../../../arm-none-eabi/lib/thumb/v6-m/nofp/libg.a(libc_a-mallocr.o) (_sbrk_r)
/usr/lib/gcc/arm-none-eabi/14.2.1/../../../arm-none-eabi/lib/thumb/v6-m/nofp/libg.a(libc_a-ctype_.o)
                              /usr/lib/gcc/arm-none-eabi/14.2.1/../../../arm-none-eabi/lib/thumb/v6-m/nofp/libg.a(libc_a-strtol.o) (_ctype_)
/usr/lib/gcc/arm-none-eabi/14.2.1/../../../arm-none-eabi/lib/thumb/v6-m/nofp/libg.a(libc_a-atexit.o)
                              /usr/lib/gcc/arm-none-eabi/14.2.1/../../../arm-none-eabi/lib/thumb/v6-m/nofp/crt0.o (atexit)
/usr/lib/gcc/arm-none-eabi/14.2.1/../../../arm-none-eabi/lib/thumb/v6-m/nofp/libg.a(libc_a-lcltime_r.o)
[...]
Memory Configuration

Name             Origin             Length             Attributes
FLASH            0x10000000         0x00200000         xr
RAM              0x20000000         0x00040000         xrw
SCRATCH_X        0x20040000         0x00001000         xrw
SCRATCH_Y        0x20041000         0x00001000         xrw
*default*        0x00000000         0xffffffff

Linker script and memory map

LOAD /usr/lib/gcc/arm-none-eabi/14.2.1/thumb/v6-m/nofp/crti.o
LOAD /usr/lib/gcc/arm-none-eabi/14.2.1/thumb/v6-m/nofp/crtbegin.o
LOAD /usr/lib/gcc/arm-none-eabi/14.2.1/../../../arm-none-eabi/lib/thumb/v6-m/nofp/crt0.o

.flash_begin    0x10000000        0x0
                0x10000000                        __flash_binary_start = .

.boot2          0x10000000      0x100
                0x10000000                        __boot2_start__ = .
 *(.boot2)
 .boot2         0x10000000      0x100 pico-sdk/src/rp2040/boot_stage2/CMakeFiles/bs2_default_library.dir/bs2_default_padded_checksummed.S.o
                0x10000100                        __boot2_end__ = .
                0x00000001                        ASSERT (((__boot2_end__ - __boot2_start__) == 0x100), ERROR: Pico second stage bootloader must be 256 bytes in size)

.text           0x10000100     0xaf20
                0x10000100                        __logical_binary_start = .
 *(.vectors)
 .vectors       0x10000100       0xd4 CMakeFiles/pokemon_bank.dir/home/corey/pico-sdk/src/rp2_common/pico_crt0/crt0.S.o
                0x10000100                __vectors
                0x10000100                __VECTOR_TABLE
                0x100001c0                isr_irq30
                0x100001c0                __unhandled_user_irq
                0x100001c0                isr_irq13
                0x100001c0                isr_irq27
                0x100001c0                isr_irq31
                0x100001c0                isr_irq5
                0x100001c0                isr_irq11
                0x100001c0                isr_irq23
                0x100001c0                isr_irq18
                0x100001c0                isr_irq28
                0x100001c0                isr_irq19
                0x100001c0                isr_irq0
                0x100001c0                isr_irq6
                0x100001c0                isr_irq22
                0x100001c0                isr_irq17
                0x100001c0                isr_irq14
                0x100001c0                __vectors_end
                0x100001c0                __default_isrs_start
                0x100001c0                isr_irq2
                0x100001c0                isr_irq10
                0x100001c0                isr_irq8
                0x100001c0                isr_irq24
                0x100001c0                isr_irq1
                0x100001c0                isr_irq7
                0x100001c0                isr_irq21
                0x100001c0                isr_irq20
                0x100001c0                isr_irq15
                0x100001c0                isr_irq25
                0x100001c0                isr_irq4
                0x100001c0                isr_irq16
                0x100001c0                isr_irq29
                0x100001c0                isr_irq26
                0x100001c0                isr_irq3
                0x100001c0                isr_irq12
                0x100001c0                isr_irq9
                0x100001c6                unhandled_user_irq_num_in_r0
                0x100001c8                isr_invalid
                0x100001ca                isr_nmi
                0x100001cc                isr_hardfault
                0x100001ce                isr_svcall
                0x100001d0                isr_pendsv
                0x100001d2                isr_systick
                0x100001d4                __default_isrs_end
 *(.binary_info_header)
 .binary_info_header
                0x100001d4       0x14 CMakeFiles/pokemon_bank.dir/home/corey/pico-sdk/src/rp2_common/pico_crt0/crt0.S.o
                0x100001e8                        __binary_info_header_end = .
 *(.embedded_block)
                0x100001e8                        __embedded_block_end = .
 *(.reset)
 .reset         0x100001e8       0x9c CMakeFiles/pokemon_bank.dir/home/corey/pico-sdk/src/rp2_common/pico_crt0/crt0.S.o
                0x100001e8                _entry_point
 *(.init)
 .init          0x10000284        0x4 /usr/lib/gcc/arm-none-eabi/14.2.1/thumb/v6-m/nofp/crti.o
                0x10000284                _init
 *(EXCLUDE_FILE(*libm.a: *libc.a:*lib_a-mem*.o *libgcc.a:) .text*)
 .text          0x10000288       0x98 /usr/lib/gcc/arm-none-eabi/14.2.1/thumb/v6-m/nofp/crtbegin.o
 .text.set_led  0x10000320      0x168 CMakeFiles/pokemon_bank.dir/src/main.c.o
 .text.on_trade_complete
                0x10000488      0xdc4 CMakeFiles/pokemon_bank.dir/src/main.c.o
 .text.update_led_for_state
                0x1000124c      0x574 CMakeFiles/pokemon_bank.dir/src/main.c.o
 .text.link_callback
                0x100017c0       0x50 CMakeFiles/pokemon_bank.dir/src/main.c.o
 .text.startup.main
                0x10001810      0xcd4 CMakeFiles/pokemon_bank.dir/src/main.c.o
                0x10001810                main
 .text.gb_link_init
                0x100024e4      0x164 CMakeFiles/pokemon_bank.dir/src/gb_link.c.o
                0x100024e4                gb_link_init
 .text.gb_link_start
                0x10002648       0x2c CMakeFiles/pokemon_bank.dir/src/gb_link.c.o
                0x10002648                gb_link_start
 .text.gb_link_reset
                0x10002674       0x64 CMakeFiles/pokemon_bank.dir/src/gb_link.c.o
                0x10002674                gb_link_reset
 .text.gb_link_set_callback
                0x100026d8        0xc CMakeFiles/pokemon_bank.dir/src/gb_link.c.o
                0x100026d8                gb_link_set_callback
 .text.gb_link_process
                0x100026e4       0xc4 CMakeFiles/pokemon_bank.dir/src/gb_link.c.o
                0x100026e4                gb_link_process
 .text.pokemon_string_encode
                0x100027a8       0x64 CMakeFiles/pokemon_bank.dir/src/pokemon_data.c.o
                0x100027a8                pokemon_string_encode
 .text.pokemon_string_decode
                0x1000280c       0x5c CMakeFiles/pokemon_bank.dir/src/pokemon_data.c.o
                0x1000280c                pokemon_string_decode
 .text.pokemon_create_bulbasaur
                0x10002868      0x530 CMakeFiles/pokemon_bank.dir/src/pokemon_data.c.o
                0x10002868                pokemon_create_bulbasaur
 .text.pokemon_build_patch_list
                0x10002d98       0x94 CMakeFiles/pokemon_bank.dir/src/pokemon_data.c.o
                0x10002d98                pokemon_build_patch_list
 .text.pokemon_get_species_name
                0x10002e2c       0xa4 CMakeFiles/pokemon_bank.dir/src/pokemon_data.c.o
                0x10002e2c                pokemon_get_species_name
 .text.pokemon_print_info
                0x10002ed0      0x19c CMakeFiles/pokemon_bank.dir/src/pokemon_data.c.o
                0x10002ed0                pokemon_print_info
 .text.pokemon_trade_state_name
                0x1000306c       0x18 CMakeFiles/pokemon_bank.dir/src/pokemon_trade.c.o
                0x1000306c                pokemon_trade_state_name
 .text.pokemon_trade_init
                0x10003084       0x44 CMakeFiles/pokemon_bank.dir/src/pokemon_trade.c.o
                0x10003084                pokemon_trade_init
 .text.pokemon_trade_reset
                0x100030c8       0x14 CMakeFiles/pokemon_bank.dir/src/pokemon_trade.c.o
                0x100030c8                pokemon_trade_reset
 .text.pokemon_trade_process
                0x100030dc      0x3f0 CMakeFiles/pokemon_bank.dir/src/pokemon_trade.c.o
                0x100030dc                pokemon_trade_process
 .text.pokemon_trade_get_state
                0x100034cc        0x4 CMakeFiles/pokemon_bank.dir/src/pokemon_trade.c.o
                0x100034cc                pokemon_trade_get_state
 .text.pokemon_trade_is_connected
                0x100034d0        0xc CMakeFiles/pokemon_bank.dir/src/pokemon_trade.c.o
                0x100034d0                pokemon_trade_is_connected
 .text.pokemon_trade_set_callback
                0x100034dc       0x10 CMakeFiles/pokemon_bank.dir/src/pokemon_trade.c.o
                0x100034dc                pokemon_trade_set_callback
 .text.write_to_flash
                0x100034ec       0xfc CMakeFiles/pokemon_bank.dir/src/pokemon_storage.c.o
 .text.pokemon_storage_init
                0x100035e8      0x1a0 CMakeFiles/pokemon_bank.dir/src/pokemon_storage.c.o
                0x100035e8                pokemon_storage_init
 .text.pokemon_storage_count
                0x10003788       0x1c CMakeFiles/pokemon_bank.dir/src/pokemon_storage.c.o
                0x10003788                pokemon_storage_count
 .text.pokemon_storage_is_full
                0x100037a4       0x14 CMakeFiles/pokemon_bank.dir/src/pokemon_storage.c.o
                0x100037a4                pokemon_storage_is_full
 .text.pokemon_storage_add
                0x100037b8       0x9c CMakeFiles/pokemon_bank.dir/src/pokemon_storage.c.o
                0x100037b8                pokemon_storage_add
 .text.pokemon_storage_get
                0x10003854       0x70 CMakeFiles/pokemon_bank.dir/src/pokemon_storage.c.o
                0x10003854                pokemon_storage_get
 .text.pokemon_storage_remove
                0x100038c4       0x88 CMakeFiles/pokemon_bank.dir/src/pokemon_storage.c.o
                0x100038c4                pokemon_storage_remove
 .text.pokemon_storage_update
                0x1000394c       0xa0 CMakeFiles/pokemon_bank.dir/src/pokemon_storage.c.o
                0x1000394c                pokemon_storage_update
 .text.pokemon_storage_clear
                0x100039ec       0xc8 CMakeFiles/pokemon_bank.dir/src/pokemon_storage.c.o
                0x100039ec                pokemon_storage_clear
 .text.pokemon_storage_stats
                0x10003ab4       0xc4 CMakeFiles/pokemon_bank.dir/src/pokemon_storage.c.o
                0x10003ab4                pokemon_storage_stats
 .text.pokemon_storage_print
                0x10003b78      0x170 CMakeFiles/pokemon_bank.dir/src/pokemon_storage.c.o
                0x10003b78                pokemon_storage_print
 .text.pokemon_storage_get_slot
                0x10003ce8       0x28 CMakeFiles/pokemon_bank.dir/src/pokemon_storage.c.o
                0x10003ce8                pokemon_storage_get_slot
 .text.pokemon_storage_status_name
                0x10003d10       0x18 CMakeFiles/pokemon_bank.dir/src/pokemon_storage.c.o
                0x10003d10                pokemon_storage_status_name
 .text.json_find_int.constprop.0
                0x10003d28       0x9c CMakeFiles/pokemon_bank.dir/src/webui_protocol.c.o
 .text.webui_process_command
                0x10003dc4      0x7a8 CMakeFiles/pokemon_bank.dir/src/webui_protocol.c.o
                0x10003dc4                webui_process_command
 .text.tud_descriptor_device_cb
                0x1000456c        0x8 CMakeFiles/pokemon_bank.dir/src/usb_descriptors.c.o
                0x1000456c                tud_descriptor_device_cb
 .text.tud_descriptor_configuration_cb
                0x10004574        0x8 CMakeFiles/pokemon_bank.dir/src/usb_descriptors.c.o
                0x10004574                tud_descriptor_configuration_cb
 .text.tud_descriptor_string_cb
                0x1000457c       0xb0 CMakeFiles/pokemon_bank.dir/src/usb_descriptors.c.o
                0x1000457c                tud_descriptor_string_cb
 .text.gpio_set_function
                0x1000462c       0x34 CMakeFiles/pokemon_bank.dir/home/corey/pico-sdk/src/rp2_common/hardware_gpio/gpio.c.o
                0x1000462c                gpio_set_function
 .text.gpio_set_pulls
                0x10004660       0x28 CMakeFiles/pokemon_bank.dir/home/corey/pico-sdk/src/rp2_common/hardware_gpio/gpio.c.o
                0x10004660                gpio_set_pulls
 .text.gpio_init
                0x10004688       0x40 CMakeFiles/pokemon_bank.dir/home/corey/pico-sdk/src/rp2_common/hardware_gpio/gpio.c.o
                0x10004688                gpio_init
 .text.rp2040_chip_version
                0x100046c8        0xc CMakeFiles/pokemon_bank.dir/home/corey/pico-sdk/src/rp2040/pico_platform/platform.c.o
                0x100046c8                rp2040_chip_version
 .text.panic    0x100046d4       0x30 CMakeFiles/pokemon_bank.dir/home/corey/pico-sdk/src/rp2_common/pico_platform_panic/panic.c.o
                0x100046d4                panic
 .text.hw_claim_lock
                0x10004704       0x18 CMakeFiles/pokemon_bank.dir/home/corey/pico-sdk/src/common/hardware_claim/claim.c.o
                0x10004704                hw_claim_lock
 .text.hw_claim_unlock
                0x1000471c       0x14 CMakeFiles/pokemon_bank.dir/home/corey/pico-sdk/src/common/hardware_claim/claim.c.o
                0x1000471c                hw_claim_unlock
 .text.hw_claim_or_assert
                0x10004730       0x44 CMakeFiles/pokemon_bank.dir/home/corey/pico-sdk/src/common/hardware_claim/claim.c.o
                0x10004730                hw_claim_or_assert
 .text.hw_claim_unused_from_range
                0x10004774       0x88 CMakeFiles/pokemon_bank.dir/home/corey/pico-sdk/src/common/hardware_claim/claim.c.o
                0x10004774                hw_claim_unused_from_range
 .text.hw_claim_clear
                0x100047fc       0x38 CMakeFiles/pokemon_bank.dir/home/corey/pico-sdk/src/common/hardware_claim/claim.c.o
                0x100047fc                hw_claim_clear
 .text.next_striped_spin_lock_num
                0x10004834       0x18 CMakeFiles/pokemon_bank.dir/home/corey/pico-sdk/src/rp2_common/hardware_sync/sync.c.o
                0x10004834                next_striped_spin_lock_num
 .text.spin_locks_reset
                0x1000484c       0x1c CMakeFiles/pokemon_bank.dir/home/corey/pico-sdk/src/rp2_common/hardware_sync_spin_lock/sync_spin_lock.c.o
                0x1000484c                spin_locks_reset
 .text.runtime_init_per_core_irq_priorities
                0x10004868       0x24 CMakeFiles/pokemon_bank.dir/home/corey/pico-sdk/src/rp2_common/hardware_irq/irq.c.o
                0x10004868                runtime_init_per_core_irq_priorities
 .text.irq_set_enabled
                0x1000488c       0x24 CMakeFiles/pokemon_bank.dir/home/corey/pico-sdk/src/rp2_common/hardware_irq/irq.c.o
                0x1000488c                irq_set_enabled
 .text.irq_set_exclusive_handler
                0x100048b0       0x54 CMakeFiles/pokemon_bank.dir/home/corey/pico-sdk/src/rp2_common/hardware_irq/irq.c.o
                0x100048b0                irq_set_exclusive_handler
 .text.irq_add_shared_handler
                0x10004904      0x1f4 CMakeFiles/pokemon_bank.dir/home/corey/pico-sdk/src/rp2_common/hardware_irq/irq.c.o
                0x10004904                irq_add_shared_handler
 .text.irq_add_tail_to_free_list
                0x10004af8       0xb4 CMakeFiles/pokemon_bank.dir/home/corey/pico-sdk/src/rp2_common/hardware_irq/irq.c.o
                0x10004af8                irq_add_tail_to_free_list
 .text.lock_init
                0x10004bac       0x10 CMakeFiles/pokemon_bank.dir/home/corey/pico-sdk/src/common/pico_sync/lock_core.c.o
                0x10004bac                lock_init
 .text.runtime_init_mutex
                0x10004bbc       0x50 CMakeFiles/pokemon_bank.dir/home/corey/pico-sdk/src/common/pico_sync/mutex.c.o
                0x10004bbc                runtime_init_mutex
 .text.mutex_init
                0x10004c0c       0x1c CMakeFiles/pokemon_bank.dir/home/corey/pico-sdk/src/common/pico_sync/mutex.c.o
                0x10004c0c                mutex_init
 .text.sleep_until_callback
                0x10004c28       0x30 CMakeFiles/pokemon_bank.dir/home/corey/pico-sdk/src/common/pico_time/time.c.o
 .text.alarm_pool_irq_handler
                0x10004c58      0x300 CMakeFiles/pokemon_bank.dir/home/corey/pico-sdk/src/common/pico_time/time.c.o
 .text.runtime_init_default_alarm_pool
                0x10004f58       0xdc CMakeFiles/pokemon_bank.dir/home/corey/pico-sdk/src/common/pico_time/time.c.o
                0x10004f58                runtime_init_default_alarm_pool
 .text.alarm_pool_get_default
                0x10005034        0x8 CMakeFiles/pokemon_bank.dir/home/corey/pico-sdk/src/common/pico_time/time.c.o
                0x10005034                alarm_pool_get_default
 .text.alarm_pool_add_alarm_at_force_in_context
                0x1000503c       0xb0 CMakeFiles/pokemon_bank.dir/home/corey/pico-sdk/src/common/pico_time/time.c.o
                0x1000503c                alarm_pool_add_alarm_at_force_in_context
 .text.alarm_pool_cancel_alarm
                0x100050ec       0x74 CMakeFiles/pokemon_bank.dir/home/corey/pico-sdk/src/common/pico_time/time.c.o
                0x100050ec                alarm_pool_cancel_alarm
 .text.alarm_pool_core_num
                0x10005160        0x4 CMakeFiles/pokemon_bank.dir/home/corey/pico-sdk/src/common/pico_time/time.c.o
                0x10005160                alarm_pool_core_num
 .text.sleep_us
                0x10005164       0xec CMakeFiles/pokemon_bank.dir/home/corey/pico-sdk/src/common/pico_time/time.c.o
                0x10005164                sleep_us
 .text.sleep_ms
                0x10005250       0xfc CMakeFiles/pokemon_bank.dir/home/corey/pico-sdk/src/common/pico_time/time.c.o
                0x10005250                sleep_ms
 .text.best_effort_wfe_or_timeout
                0x1000534c      0x10c CMakeFiles/pokemon_bank.dir/home/corey/pico-sdk/src/common/pico_time/time.c.o
                0x1000534c                best_effort_wfe_or_timeout
 .text.timer_hardware_alarm_claim
                0x10005458       0x14 CMakeFiles/pokemon_bank.dir/home/corey/pico-sdk/src/rp2_common/hardware_timer/timer.c.o
                0x10005458                timer_hardware_alarm_claim
 .text.timer_time_us_64
                0x1000546c       0x10 CMakeFiles/pokemon_bank.dir/home/corey/pico-sdk/src/rp2_common/hardware_timer/timer.c.o
                0x1000546c                timer_time_us_64
 .text.time_us_64
                0x1000547c       0x14 CMakeFiles/pokemon_bank.dir/home/corey/pico-sdk/src/rp2_common/hardware_timer/timer.c.o
                0x1000547c                time_us_64
 .text.busy_wait_until
                0x10005490       0x20 CMakeFiles/pokemon_bank.dir/home/corey/pico-sdk/src/rp2_common/hardware_timer/timer.c.o
                0x10005490                busy_wait_until
 .text.clock_configure_int_divider
                0x100054b0       0xf4 CMakeFiles/pokemon_bank.dir/home/corey/pico-sdk/src/rp2_common/hardware_clocks/clocks.c.o
                0x100054b0                clock_configure_int_divider
 .text.clock_configure_undivided
                0x100055a4       0xe8 CMakeFiles/pokemon_bank.dir/home/corey/pico-sdk/src/rp2_common/hardware_clocks/clocks.c.o
                0x100055a4                clock_configure_undivided
 .text.clock_get_hz
                0x1000568c        0xc CMakeFiles/pokemon_bank.dir/home/corey/pico-sdk/src/rp2_common/hardware_clocks/clocks.c.o
                0x1000568c                clock_get_hz
 .text.pll_init
                0x10005698       0xa4 CMakeFiles/pokemon_bank.dir/home/corey/pico-sdk/src/rp2_common/hardware_pll/pll.c.o
                0x10005698                pll_init
 .text.tick_start
                0x1000573c       0x10 CMakeFiles/pokemon_bank.dir/home/corey/pico-sdk/src/rp2_common/hardware_ticks/ticks.c.o
                0x1000573c                tick_start
 .text.rom_func_lookup
                0x1000574c       0x10 CMakeFiles/pokemon_bank.dir/home/corey/pico-sdk/src/rp2_common/pico_bootrom/bootrom.c.o
                0x1000574c                rom_func_lookup
 .text.rom_data_lookup
                0x1000575c       0x10 CMakeFiles/pokemon_bank.dir/home/corey/pico-sdk/src/rp2_common/pico_bootrom/bootrom.c.o
                0x1000575c                rom_data_lookup
 .text.rom_funcs_lookup
                0x1000576c       0x44 CMakeFiles/pokemon_bank.dir/home/corey/pico-sdk/src/rp2_common/pico_bootrom/bootrom.c.o
                0x1000576c                rom_funcs_lookup
 .text.rom_reset_usb_boot
                0x100057b0       0x1c CMakeFiles/pokemon_bank.dir/home/corey/pico-sdk/src/rp2_common/pico_bootrom/bootrom.c.o
                0x100057b0                rom_reset_usb_boot
 .text.xosc_init
                0x100057cc       0x28 CMakeFiles/pokemon_bank.dir/home/corey/pico-sdk/src/rp2_common/hardware_xosc/xosc.c.o
                0x100057cc                xosc_init
 .text.first_per_core_initializer
                0x100057f4        0x4 CMakeFiles/pokemon_bank.dir/home/corey/pico-sdk/src/rp2_common/pico_runtime/runtime.c.o
 .text.hard_assertion_failure
                0x100057f8        0xc CMakeFiles/pokemon_bank.dir/home/corey/pico-sdk/src/rp2_common/pico_runtime/runtime.c.o
                0x100057f8                hard_assertion_failure
 .text.runtime_run_initializers
                0x10005804       0x28 CMakeFiles/pokemon_bank.dir/home/corey/pico-sdk/src/rp2_common/pico_runtime/runtime.c.o
                0x10005804                runtime_run_initializers
 .text.runtime_init_early_resets
                0x1000582c       0x2c CMakeFiles/pokemon_bank.dir/home/corey/pico-sdk/src/rp2_common/pico_runtime_init/runtime_init.c.o
                0x1000582c                runtime_init_early_resets
 .text.runtime_init_usb_power_down
                0x10005858       0x1c CMakeFiles/pokemon_bank.dir/home/corey/pico-sdk/src/rp2_common/pico_runtime_init/runtime_init.c.o
                0x10005858                runtime_init_usb_power_down
 .text.runtime_init_post_clock_resets
                0x10005874       0x20 CMakeFiles/pokemon_bank.dir/home/corey/pico-sdk/src/rp2_common/pico_runtime_init/runtime_init.c.o
                0x10005874                runtime_init_post_clock_resets
 .text.runtime_init_rp2040_gpio_ie_disable
                0x10005894       0x14 CMakeFiles/pokemon_bank.dir/home/corey/pico-sdk/src/rp2_common/pico_runtime_init/runtime_init.c.o
                0x10005894                runtime_init_rp2040_gpio_ie_disable
 .text.runtime_init_spin_locks_reset
                0x100058a8        0x8 CMakeFiles/pokemon_bank.dir/home/corey/pico-sdk/src/rp2_common/pico_runtime_init/runtime_init.c.o
                0x100058a8                runtime_init_spin_locks_reset
 .text.runtime_init_install_ram_vector_table
                0x100058b0       0xb4 CMakeFiles/pokemon_bank.dir/home/corey/pico-sdk/src/rp2_common/pico_runtime_init/runtime_init.c.o
                0x100058b0                runtime_init_install_ram_vector_table
 .text.runtime_init_clocks
                0x10005964       0xd8 CMakeFiles/pokemon_bank.dir/home/corey/pico-sdk/src/rp2_common/pico_runtime_init/runtime_init_clocks.c.o
                0x10005964                runtime_init_clocks
 .text          0x10005a3c       0x10 CMakeFiles/pokemon_bank.dir/home/corey/pico-sdk/src/rp2_common/pico_bit_ops/bit_ops_aeabi.S.o
 .text.__wrap___aeabi_idiv
                0x10005a4c       0x50 CMakeFiles/pokemon_bank.dir/home/corey/pico-sdk/src/rp2_common/pico_divider/divider_hardware.S.o
                0x10005a4c                __wrap___aeabi_idivmod
                0x10005a4c                divmod_s32s32
                0x10005a4c                div_s32s32
                0x10005a4c                __wrap___aeabi_idiv
                0x10005a54                divmod_s32s32_unsafe
                0x10005a80                divmod_s32s32_savestate
 .text.__wrap___aeabi_uidiv
                0x10005a9c       0x4c CMakeFiles/pokemon_bank.dir/home/corey/pico-sdk/src/rp2_common/pico_divider/divider_hardware.S.o
                0x10005a9c                __wrap___aeabi_uidiv
                0x10005a9c                __wrap___aeabi_uidivmod
                0x10005a9c                div_u32u32
                0x10005a9c                divmod_u32u32
                0x10005aa4                divmod_u32u32_unsafe
                0x10005acc                divmod_u32u32_savestate
 .text.__wrap___aeabi_ldiv
                0x10005ae8      0x424 CMakeFiles/pokemon_bank.dir/home/corey/pico-sdk/src/rp2_common/pico_divider/divider_hardware.S.o
                0x10005ae8                div_s64s64
                0x10005ae8                divmod_s64s64
                0x10005ae8                __wrap___aeabi_ldivmod
                0x10005b18                div_u64u64
                0x10005b18                divmod_u64u64
                0x10005b18                __wrap___aeabi_uldivmod
                0x10005b28                divmod_u64u64_savestate
                0x10005b48                divmod_s64s64_unsafe
                0x10005bd0                divmod_u64u64_unsafe
 .text.__wrap___aeabi_darithmetic
                0x10005f0c       0x80 CMakeFiles/pokemon_bank.dir/home/corey/pico-sdk/src/rp2_common/pico_double/double_aeabi_rp2040.S.o
                0x10005f0c                __wrap___aeabi_drsub
                0x10005f12                __wrap___aeabi_dsub
                0x10005f24                __wrap___aeabi_dadd
                0x10005f36                __wrap___aeabi_ddiv
                0x10005f72                __wrap___aeabi_dmul
 .text.__wrap___aeabi_cdcmple
                0x10005f8c       0x6c CMakeFiles/pokemon_bank.dir/home/corey/pico-sdk/src/rp2_common/pico_double/double_aeabi_rp2040.S.o
                0x10005f8c                __wrap___aeabi_cdrcmple
                0x10005f9c                __wrap___aeabi_cdcmple
                0x10005f9c                __wrap___aeabi_cdcmpeq
 .text.__wrap___aeabi_dcmplt
                0x10005ff8        0xc CMakeFiles/pokemon_bank.dir/home/corey/pico-sdk/src/rp2_common/pico_double/double_aeabi_rp2040.S.o
                0x10005ff8                __wrap___aeabi_dcmplt
 .text.__wrap___aeabi_dcmple
                0x10006004       0x10 CMakeFiles/pokemon_bank.dir/home/corey/pico-sdk/src/rp2_common/pico_double/double_aeabi_rp2040.S.o
                0x10006004                __wrap___aeabi_dcmple
 .text.__wrap___aeabi_dcmpge
                0x10006014       0x10 CMakeFiles/pokemon_bank.dir/home/corey/pico-sdk/src/rp2_common/pico_double/double_aeabi_rp2040.S.o
                0x10006014                __wrap___aeabi_dcmpge
 .text.__wrap___aeabi_dcmpgt
                0x10006024        0xa CMakeFiles/pokemon_bank.dir/home/corey/pico-sdk/src/rp2_common/pico_double/double_aeabi_rp2040.S.o
                0x10006024                __wrap___aeabi_dcmpgt
 .text.__wrap___aeabi_dcmpun
                0x1000602e       0x18 CMakeFiles/pokemon_bank.dir/home/corey/pico-sdk/src/rp2_common/pico_double/double_aeabi_rp2040.S.o
                0x1000602e                __wrap___aeabi_dcmpun
 *fill*         0x10006046        0x2 
 .text.__wrap___aeabi_i2d
                0x10006048       0x38 CMakeFiles/pokemon_bank.dir/home/corey/pico-sdk/src/rp2_common/pico_double/double_aeabi_rp2040.S.o
                0x10006048                __wrap___aeabi_ui2d
                0x10006048                uint2double
                0x10006050                __wrap___aeabi_i2d
                0x10006050                int2double
 .text.__wrap___aeabi_d2iz
                0x10006080       0x48 CMakeFiles/pokemon_bank.dir/home/corey/pico-sdk/src/rp2_common/pico_double/double_aeabi_rp2040.S.o
                0x10006080                __wrap___aeabi_d2iz
                0x10006080                double2int_z
 .text.__wrap___aeabi_d2uiz
                0x100060c8       0x18 CMakeFiles/pokemon_bank.dir/home/corey/pico-sdk/src/rp2_common/pico_double/double_aeabi_rp2040.S.o
                0x100060c8                double2uint_z
                0x100060c8                double2uint
                0x100060c8                __wrap___aeabi_d2uiz
 .text.__aeabi_double_init
                0x100060e0       0xa4 CMakeFiles/pokemon_bank.dir/home/corey/pico-sdk/src/rp2_common/pico_double/double_init_rom_rp2040.c.o
                0x100060e0                __aeabi_double_init
 .text.double_table_shim_on_use_helper
                0x10006184       0x2c CMakeFiles/pokemon_bank.dir/home/corey/pico-sdk/src/rp2_common/pico_double/double_v1_rom_shim_rp2040.S.o
                0x10006184                double_table_shim_on_use_helper
 .text.__wrap___aeabi_dsub
                0x100061b0       0x10 CMakeFiles/pokemon_bank.dir/home/corey/pico-sdk/src/rp2_common/pico_double/double_v1_rom_shim_rp2040.S.o
                0x100061b0                drsub_shim
                0x100061b6                dsub_shim
 .text.dadd_shim
                0x100061c0      0x15c CMakeFiles/pokemon_bank.dir/home/corey/pico-sdk/src/rp2_common/pico_double/double_v1_rom_shim_rp2040.S.o
                0x100061c0                dadd_shim
 .text.dmul_shim
                0x1000631c      0x15c CMakeFiles/pokemon_bank.dir/home/corey/pico-sdk/src/rp2_common/pico_double/double_v1_rom_shim_rp2040.S.o
                0x1000631c                dmul_shim
 .text.ddiv_shim
                0x10006478      0x1b0 CMakeFiles/pokemon_bank.dir/home/corey/pico-sdk/src/rp2_common/pico_double/double_v1_rom_shim_rp2040.S.o
                0x10006478                ddiv_shim
 .text.double2uint_shim
                0x10006628        0xe CMakeFiles/pokemon_bank.dir/home/corey/pico-sdk/src/rp2_common/pico_double/double_v1_rom_shim_rp2040.S.o
                0x10006628                double2uint_shim
                0x1000662a                double2ufix_shim
 *fill*         0x10006636        0x2 
 .text.double2uint64_shim
                0x10006638       0x70 CMakeFiles/pokemon_bank.dir/home/corey/pico-sdk/src/rp2_common/pico_double/double_v1_rom_shim_rp2040.S.o
                0x10006638                double2uint64_shim
                0x1000663a                double2ufix64_shim
                0x1000665a                d2fix_a
 .text.dunpacks
                0x100066a8       0x3c CMakeFiles/pokemon_bank.dir/home/corey/pico-sdk/src/rp2_common/pico_double/double_v1_rom_shim_rp2040.S.o
                0x100066a8                dunpacks
 .text.__aeabi_lmul
                0x100066e4       0x32 CMakeFiles/pokemon_bank.dir/home/corey/pico-sdk/src/rp2_common/pico_int64_ops/pico_int64_ops_aeabi.S.o
                0x100066e4                __wrap___aeabi_lmul
 *fill*         0x10006716        0x2 
 .text.__aeabi_float_init
                0x10006718       0x64 CMakeFiles/pokemon_bank.dir/home/corey/pico-sdk/src/rp2_common/pico_float/float_init_rom_rp2040.c.o
                0x10006718                __aeabi_float_init
 .text.float_table_shim_on_use_helper
                0x1000677c       0x2c CMakeFiles/pokemon_bank.dir/home/corey/pico-sdk/src/rp2_common/pico_float/float_v1_rom_shim_rp2040.S.o
                0x1000677c                float_table_shim_on_use_helper
 .text          0x100067a8       0x10 CMakeFiles/pokemon_bank.dir/home/corey/pico-sdk/src/rp2_common/pico_mem_ops/mem_ops_aeabi.S.o
                0x100067a8                __aeabi_mem_init
 .text.memset   0x100067b8        0xc CMakeFiles/pokemon_bank.dir/home/corey/pico-sdk/src/rp2_common/pico_mem_ops/mem_ops_aeabi.S.o
                0x100067b8                __wrap_memset
 .text.memcpy   0x100067c4        0xc CMakeFiles/pokemon_bank.dir/home/corey/pico-sdk/src/rp2_common/pico_mem_ops/mem_ops_aeabi.S.o
                0x100067c4                __wrap___aeabi_memcpy
                0x100067c4                __wrap_memcpy
 .text._out_buffer
                0x100067d0        0x8 CMakeFiles/pokemon_bank.dir/home/corey/pico-sdk/src/rp2_common/pico_printf/printf.c.o
 .text._out_null
                0x100067d8        0x4 CMakeFiles/pokemon_bank.dir/home/corey/pico-sdk/src/rp2_common/pico_printf/printf.c.o
 .text._out_rev
                0x100067dc       0xac CMakeFiles/pokemon_bank.dir/home/corey/pico-sdk/src/rp2_common/pico_printf/printf.c.o
 .text._ntoa_format
                0x10006888      0x1cc CMakeFiles/pokemon_bank.dir/home/corey/pico-sdk/src/rp2_common/pico_printf/printf.c.o
 .text._out_char
                0x10006a54       0x10 CMakeFiles/pokemon_bank.dir/home/corey/pico-sdk/src/rp2_common/pico_printf/printf.c.o
 .text._out_fct
                0x10006a64       0x10 CMakeFiles/pokemon_bank.dir/home/corey/pico-sdk/src/rp2_common/pico_printf/printf.c.o
 .text._ftoa    0x10006a74      0x4a8 CMakeFiles/pokemon_bank.dir/home/corey/pico-sdk/src/rp2_common/pico_printf/printf.c.o
 .text._etoa    0x10006f1c      0x57c CMakeFiles/pokemon_bank.dir/home/corey/pico-sdk/src/rp2_common/pico_printf/printf.c.o
 .text._vsnprintf
                0x10007498      0xbe0 CMakeFiles/pokemon_bank.dir/home/corey/pico-sdk/src/rp2_common/pico_printf/printf.c.o
 .text.__wrap_sprintf
                0x10008078       0x2c CMakeFiles/pokemon_bank.dir/home/corey/pico-sdk/src/rp2_common/pico_printf/printf.c.o
                0x10008078                __wrap_sprintf
 .text.__wrap_snprintf
                0x100080a4       0x28 CMakeFiles/pokemon_bank.dir/home/corey/pico-sdk/src/rp2_common/pico_printf/printf.c.o
                0x100080a4                __wrap_snprintf
 .text.vfctprintf
                0x100080cc       0x24 CMakeFiles/pokemon_bank.dir/home/corey/pico-sdk/src/rp2_common/pico_printf/printf.c.o
                0x100080cc                vfctprintf
 .text.weak_raw_vprintf
                0x100080f0       0x30 CMakeFiles/pokemon_bank.dir/home/corey/pico-sdk/src/rp2_common/pico_printf/printf.c.o
                0x100080f0                weak_raw_vprintf
 .text._exit    0x10008120        0x4 CMakeFiles/pokemon_bank.dir/home/corey/pico-sdk/src/rp2_common/pico_clib_interface/newlib_interface.c.o
                0x10008120                _exit
 .text.exit     0x10008124        0x8 CMakeFiles/pokemon_bank.dir/home/corey/pico-sdk/src/rp2_common/pico_clib_interface/newlib_interface.c.o
                0x10008124                exit
 .text.runtime_init
                0x1000812c       0x2c CMakeFiles/pokemon_bank.dir/home/corey/pico-sdk/src/rp2_common/pico_clib_interface/newlib_interface.c.o
                0x1000812c                runtime_init
 .text.stdio_out_chars_no_crlf
                0x10008158       0x10 CMakeFiles/pokemon_bank.dir/home/corey/pico-sdk/src/rp2_common/pico_stdio/stdio.c.o
 .text.stdio_out_chars_crlf
                0x10008168       0xb0 CMakeFiles/pokemon_bank.dir/home/corey/pico-sdk/src/rp2_common/pico_stdio/stdio.c.o
 .text.stdio_buffered_printer
                0x10008218       0x64 CMakeFiles/pokemon_bank.dir/home/corey/pico-sdk/src/rp2_common/pico_stdio/stdio.c.o
 .text.stdio_put_string
                0x1000827c       0xfc CMakeFiles/pokemon_bank.dir/home/corey/pico-sdk/src/rp2_common/pico_stdio/stdio.c.o
                0x1000827c                stdio_put_string
 .text.stdio_set_driver_enabled
                0x10008378       0x30 CMakeFiles/pokemon_bank.dir/home/corey/pico-sdk/src/rp2_common/pico_stdio/stdio.c.o
                0x10008378                stdio_set_driver_enabled
 .text.stdio_init_all
                0x100083a8        0x8 CMakeFiles/pokemon_bank.dir/home/corey/pico-sdk/src/rp2_common/pico_stdio/stdio.c.o
                0x100083a8                stdio_init_all
 .text.__wrap_putchar
                0x100083b0       0x94 CMakeFiles/pokemon_bank.dir/home/corey/pico-sdk/src/rp2_common/pico_stdio/stdio.c.o
                0x100083b0                stdio_putchar
                0x100083b0                __wrap_putchar
 .text.__wrap_puts
                0x10008444       0x3c CMakeFiles/pokemon_bank.dir/home/corey/pico-sdk/src/rp2_common/pico_stdio/stdio.c.o
                0x10008444                __wrap_puts
                0x10008444                stdio_puts
 .text.__wrap_vprintf
                0x10008480       0xcc CMakeFiles/pokemon_bank.dir/home/corey/pico-sdk/src/rp2_common/pico_stdio/stdio.c.o
                0x10008480                __wrap_vprintf
                0x10008480                stdio_vprintf
 .text.__wrap_printf
                0x1000854c       0x18 CMakeFiles/pokemon_bank.dir/home/corey/pico-sdk/src/rp2_common/pico_stdio/stdio.c.o
                0x1000854c                stdio_printf
                0x1000854c                __wrap_printf
 .text.stdio_usb_set_chars_available_callback
                0x10008564       0x14 CMakeFiles/pokemon_bank.dir/home/corey/pico-sdk/src/rp2_common/pico_stdio_usb/stdio_usb.c.o
                0x10008564                stdio_usb_set_chars_available_callback
 .text.stdio_usb_in_chars
                0x10008578       0x8c CMakeFiles/pokemon_bank.dir/home/corey/pico-sdk/src/rp2_common/pico_stdio_usb/stdio_usb.c.o
                0x10008578                stdio_usb_in_chars
 .text.stdio_usb_out_flush
                0x10008604       0x4c CMakeFiles/pokemon_bank.dir/home/corey/pico-sdk/src/rp2_common/pico_stdio_usb/stdio_usb.c.o
 .text.stdio_usb_out_chars
                0x10008650      0x100 CMakeFiles/pokemon_bank.dir/home/corey/pico-sdk/src/rp2_common/pico_stdio_usb/stdio_usb.c.o
 .text.stdio_usb_init
                0x10008750       0x44 CMakeFiles/pokemon_bank.dir/home/corey/pico-sdk/src/rp2_common/pico_stdio_usb/stdio_usb.c.o
                0x10008750                stdio_usb_init
 .text.startup._retrieve_unique_id_on_boot
                0x10008794       0x10 CMakeFiles/pokemon_bank.dir/home/corey/pico-sdk/src/rp2_common/pico_unique_id/unique_id.c.o
 .text.pico_get_unique_board_id
                0x100087a4       0x10 CMakeFiles/pokemon_bank.dir/home/corey/pico-sdk/src/rp2_common/pico_unique_id/unique_id.c.o
                0x100087a4                pico_get_unique_board_id
 .text.flash_get_unique_id
                0x100087b4       0x3c CMakeFiles/pokemon_bank.dir/home/corey/pico-sdk/src/rp2_common/hardware_flash/flash.c.o
                0x100087b4                flash_get_unique_id
 .text.dcd_init
                0x100087f0       0x90 CMakeFiles/pokemon_bank.dir/home/corey/pico-sdk/lib/tinyusb/src/portable/raspberrypi/rp2040/dcd_rp2040.c.o
                0x100087f0                dcd_init
 .text.dcd_int_enable
                0x10008880        0xc CMakeFiles/pokemon_bank.dir/home/corey/pico-sdk/lib/tinyusb/src/portable/raspberrypi/rp2040/dcd_rp2040.c.o
                0x10008880                dcd_int_enable
 .text.dcd_int_disable
                0x1000888c        0xc CMakeFiles/pokemon_bank.dir/home/corey/pico-sdk/lib/tinyusb/src/portable/raspberrypi/rp2040/dcd_rp2040.c.o
                0x1000888c                dcd_int_disable
 .text.dcd_set_address
                0x10008898       0x14 CMakeFiles/pokemon_bank.dir/home/corey/pico-sdk/lib/tinyusb/src/portable/raspberrypi/rp2040/dcd_rp2040.c.o
                0x10008898                dcd_set_address
 .text.dcd_sof_enable
                0x100088ac       0x1c CMakeFiles/pokemon_bank.dir/home/corey/pico-sdk/lib/tinyusb/src/portable/raspberrypi/rp2040/dcd_rp2040.c.o
                0x100088ac                dcd_sof_enable
 .text.dcd_edpt0_status_complete
                0x100088c8       0x1c CMakeFiles/pokemon_bank.dir/home/corey/pico-sdk/lib/tinyusb/src/portable/raspberrypi/rp2040/dcd_rp2040.c.o
                0x100088c8                dcd_edpt0_status_complete
 .text.dcd_edpt_open
                0x100088e4      0x114 CMakeFiles/pokemon_bank.dir/home/corey/pico-sdk/lib/tinyusb/src/portable/raspberrypi/rp2040/dcd_rp2040.c.o
                0x100088e4                dcd_edpt_open
 .text.dcd_edpt_close_all
                0x100089f8        0x8 CMakeFiles/pokemon_bank.dir/home/corey/pico-sdk/lib/tinyusb/src/portable/raspberrypi/rp2040/dcd_rp2040.c.o
                0x100089f8                dcd_edpt_close_all
 .text.dcd_edpt_xfer
                0x10008a00       0x24 CMakeFiles/pokemon_bank.dir/home/corey/pico-sdk/lib/tinyusb/src/portable/raspberrypi/rp2040/dcd_rp2040.c.o
                0x10008a00                dcd_edpt_xfer
 .text.dcd_edpt_stall
                0x10008a24       0x3c CMakeFiles/pokemon_bank.dir/home/corey/pico-sdk/lib/tinyusb/src/portable/raspberrypi/rp2040/dcd_rp2040.c.o
                0x10008a24                dcd_edpt_stall
 .text.dcd_edpt_clear_stall
                0x10008a60       0x30 CMakeFiles/pokemon_bank.dir/home/corey/pico-sdk/lib/tinyusb/src/portable/raspberrypi/rp2040/dcd_rp2040.c.o
                0x10008a60                dcd_edpt_clear_stall
 .text.rp2040_usb_init
                0x10008a90       0x40 CMakeFiles/pokemon_bank.dir/home/corey/pico-sdk/lib/tinyusb/src/portable/raspberrypi/rp2040/rp2040_usb.c.o
                0x10008a90                rp2040_usb_init
 .text.hw_endpoint_xfer_start
                0x10008ad0       0x40 CMakeFiles/pokemon_bank.dir/home/corey/pico-sdk/lib/tinyusb/src/portable/raspberrypi/rp2040/rp2040_usb.c.o
                0x10008ad0                hw_endpoint_xfer_start
 .text.tud_vendor_control_xfer_cb
                0x10008b10        0x4 CMakeFiles/pokemon_bank.dir/home/corey/pico-sdk/lib/tinyusb/src/device/usbd.c.o
                0x10008b10                tud_vendor_control_xfer_cb
 .text.usbd_int_set
                0x10008b14       0x20 CMakeFiles/pokemon_bank.dir/home/corey/pico-sdk/lib/tinyusb/src/device/usbd.c.o
                0x10008b14                usbd_int_set
 .text.tud_event_hook_cb
                0x10008b34        0x4 CMakeFiles/pokemon_bank.dir/home/corey/pico-sdk/lib/tinyusb/src/device/usbd.c.o
                0x10008b34                tud_event_hook_cb
 .text.tud_sof_cb
                0x10008b38        0x4 CMakeFiles/pokemon_bank.dir/home/corey/pico-sdk/lib/tinyusb/src/device/usbd.c.o
                0x10008b38                tud_sof_cb
 .text.tud_descriptor_bos_cb
                0x10008b3c        0x4 CMakeFiles/pokemon_bank.dir/home/corey/pico-sdk/lib/tinyusb/src/device/usbd.c.o
                0x10008b3c                tud_descriptor_bos_cb
 .text.tud_descriptor_device_qualifier_cb
                0x10008b40        0x4 CMakeFiles/pokemon_bank.dir/home/corey/pico-sdk/lib/tinyusb/src/device/usbd.c.o
                0x10008b40                tud_descriptor_device_qualifier_cb
 .text.tud_descriptor_other_speed_configuration_cb
                0x10008b44        0x4 CMakeFiles/pokemon_bank.dir/home/corey/pico-sdk/lib/tinyusb/src/device/usbd.c.o
                0x10008b44                tud_descriptor_other_speed_configuration_cb
 .text.tud_mount_cb
                0x10008b48        0x4 CMakeFiles/pokemon_bank.dir/home/corey/pico-sdk/lib/tinyusb/src/device/usbd.c.o
                0x10008b48                tud_mount_cb
 .text.tud_umount_cb
                0x10008b4c        0x4 CMakeFiles/pokemon_bank.dir/home/corey/pico-sdk/lib/tinyusb/src/device/usbd.c.o
                0x10008b4c                tud_umount_cb
 .text.tud_suspend_cb
                0x10008b50        0x4 CMakeFiles/pokemon_bank.dir/home/corey/pico-sdk/lib/tinyusb/src/device/usbd.c.o
                0x10008b50                tud_suspend_cb
 .text.tud_resume_cb
                0x10008b54        0x4 CMakeFiles/pokemon_bank.dir/home/corey/pico-sdk/lib/tinyusb/src/device/usbd.c.o
                0x10008b54                tud_resume_cb
 .text.tud_mounted
                0x10008b58       0x10 CMakeFiles/pokemon_bank.dir/home/corey/pico-sdk/lib/tinyusb/src/device/usbd.c.o
                0x10008b58                tud_mounted
 .text.tud_suspended
                0x10008b68       0x10 CMakeFiles/pokemon_bank.dir/home/corey/pico-sdk/lib/tinyusb/src/device/usbd.c.o
                0x10008b68                tud_suspended
 .text.tud_rhport_init
                0x10008b78       0xd4 CMakeFiles/pokemon_bank.dir/home/corey/pico-sdk/lib/tinyusb/src/device/usbd.c.o
                0x10008b78                tud_rhport_init
 .text.tud_task_ext
                0x10008c4c      0x7c8 CMakeFiles/pokemon_bank.dir/home/corey/pico-sdk/lib/tinyusb/src/device/usbd.c.o
                0x10008c4c                tud_task_ext
 .text.usbd_open_edpt_pair
                0x10009414       0x9c CMakeFiles/pokemon_bank.dir/home/corey/pico-sdk/lib/tinyusb/src/device/usbd.c.o
                0x10009414                usbd_open_edpt_pair
 .text.usbd_edpt_open
                0x100094b0       0x34 CMakeFiles/pokemon_bank.dir/home/corey/pico-sdk/lib/tinyusb/src/device/usbd.c.o
                0x100094b0                usbd_edpt_open
 .text.usbd_edpt_claim
                0x100094e4       0x20 CMakeFiles/pokemon_bank.dir/home/corey/pico-sdk/lib/tinyusb/src/device/usbd.c.o
                0x100094e4                usbd_edpt_claim
 .text.usbd_edpt_release
                0x10009504       0x20 CMakeFiles/pokemon_bank.dir/home/corey/pico-sdk/lib/tinyusb/src/device/usbd.c.o
                0x10009504                usbd_edpt_release
 .text.usbd_edpt_xfer
                0x10009524       0x4c CMakeFiles/pokemon_bank.dir/home/corey/pico-sdk/lib/tinyusb/src/device/usbd.c.o
                0x10009524                usbd_edpt_xfer
 .text.tud_control_status
                0x10009570       0x2c CMakeFiles/pokemon_bank.dir/home/corey/pico-sdk/lib/tinyusb/src/device/usbd_control.c.o
                0x10009570                tud_control_status
 .text.tud_control_xfer
                0x1000959c       0xa8 CMakeFiles/pokemon_bank.dir/home/corey/pico-sdk/lib/tinyusb/src/device/usbd_control.c.o
                0x1000959c                tud_control_xfer
 .text.usbd_control_reset
                0x10009644       0x14 CMakeFiles/pokemon_bank.dir/home/corey/pico-sdk/lib/tinyusb/src/device/usbd_control.c.o
                0x10009644                usbd_control_reset
 .text.usbd_control_set_complete_callback
                0x10009658        0xc CMakeFiles/pokemon_bank.dir/home/corey/pico-sdk/lib/tinyusb/src/device/usbd_control.c.o
                0x10009658                usbd_control_set_complete_callback
 .text.usbd_control_set_request
                0x10009664       0x1c CMakeFiles/pokemon_bank.dir/home/corey/pico-sdk/lib/tinyusb/src/device/usbd_control.c.o
                0x10009664                usbd_control_set_request
 .text.usbd_control_xfer_cb
                0x10009680       0xec CMakeFiles/pokemon_bank.dir/home/corey/pico-sdk/lib/tinyusb/src/device/usbd_control.c.o
                0x10009680                usbd_control_xfer_cb
 .text._prep_out_transaction.isra.0
                0x1000976c       0x70 CMakeFiles/pokemon_bank.dir/home/corey/pico-sdk/lib/tinyusb/src/class/cdc/cdc_device.c.o
 .text.tud_cdc_n_connected
                0x100097dc       0x34 CMakeFiles/pokemon_bank.dir/home/corey/pico-sdk/lib/tinyusb/src/class/cdc/cdc_device.c.o
                0x100097dc                tud_cdc_n_connected
 .text.tud_cdc_n_available
                0x10009810       0x1c CMakeFiles/pokemon_bank.dir/home/corey/pico-sdk/lib/tinyusb/src/class/cdc/cdc_device.c.o
                0x10009810                tud_cdc_n_available
 .text.tud_cdc_n_read
                0x1000982c       0x9c CMakeFiles/pokemon_bank.dir/home/corey/pico-sdk/lib/tinyusb/src/class/cdc/cdc_device.c.o
                0x1000982c                tud_cdc_n_read
 .text.tud_cdc_n_write_flush
                0x100098c8       0x7c CMakeFiles/pokemon_bank.dir/home/corey/pico-sdk/lib/tinyusb/src/class/cdc/cdc_device.c.o
                0x100098c8                tud_cdc_n_write_flush
 .text.tud_cdc_n_write
                0x10009944       0x44 CMakeFiles/pokemon_bank.dir/home/corey/pico-sdk/lib/tinyusb/src/class/cdc/cdc_device.c.o
                0x10009944                tud_cdc_n_write
 .text.tud_cdc_n_write_available
                0x10009988       0x1c CMakeFiles/pokemon_bank.dir/home/corey/pico-sdk/lib/tinyusb/src/class/cdc/cdc_device.c.o
                0x10009988                tud_cdc_n_write_available
 .text.cdcd_init
                0x100099a4       0x5c CMakeFiles/pokemon_bank.dir/home/corey/pico-sdk/lib/tinyusb/src/class/cdc/cdc_device.c.o
                0x100099a4                cdcd_init
 .text.cdcd_deinit
                0x10009a00        0x4 CMakeFiles/pokemon_bank.dir/home/corey/pico-sdk/lib/tinyusb/src/class/cdc/cdc_device.c.o
                0x10009a00                cdcd_deinit
 .text.cdcd_reset
                0x10009a04       0x4c CMakeFiles/pokemon_bank.dir/home/corey/pico-sdk/lib/tinyusb/src/class/cdc/cdc_device.c.o
                0x10009a04                cdcd_reset
 .text.cdcd_open
                0x10009a50       0xa4 CMakeFiles/pokemon_bank.dir/home/corey/pico-sdk/lib/tinyusb/src/class/cdc/cdc_device.c.o
                0x10009a50                cdcd_open
 .text.cdcd_control_xfer_cb
                0x10009af4       0xe8 CMakeFiles/pokemon_bank.dir/home/corey/pico-sdk/lib/tinyusb/src/class/cdc/cdc_device.c.o
                0x10009af4                cdcd_control_xfer_cb
 .text.cdcd_xfer_cb
                0x10009bdc      0x100 CMakeFiles/pokemon_bank.dir/home/corey/pico-sdk/lib/tinyusb/src/class/cdc/cdc_device.c.o
                0x10009bdc                cdcd_xfer_cb
 .text.tusb_rhport_init
                0x10009cdc       0x4c CMakeFiles/pokemon_bank.dir/home/corey/pico-sdk/lib/tinyusb/src/tusb.c.o
                0x10009cdc                tusb_rhport_init
 .text.tu_edpt_claim
                0x10009d28       0x34 CMakeFiles/pokemon_bank.dir/home/corey/pico-sdk/lib/tinyusb/src/tusb.c.o
                0x10009d28                tu_edpt_claim
 .text.tu_edpt_release
                0x10009d5c       0x24 CMakeFiles/pokemon_bank.dir/home/corey/pico-sdk/lib/tinyusb/src/tusb.c.o
                0x10009d5c                tu_edpt_release
 .text.tu_edpt_validate
                0x10009d80       0x7c CMakeFiles/pokemon_bank.dir/home/corey/pico-sdk/lib/tinyusb/src/tusb.c.o
                0x10009d80                tu_edpt_validate
 .text.tu_edpt_bind_driver
                0x10009dfc       0x34 CMakeFiles/pokemon_bank.dir/home/corey/pico-sdk/lib/tinyusb/src/tusb.c.o
                0x10009dfc                tu_edpt_bind_driver
 .text.tu_fifo_config
                0x10009e30       0x2c CMakeFiles/pokemon_bank.dir/home/corey/pico-sdk/lib/tinyusb/src/common/tusb_fifo.c.o
                0x10009e30                tu_fifo_config
 .text.tu_fifo_count
                0x10009e5c       0x2c CMakeFiles/pokemon_bank.dir/home/corey/pico-sdk/lib/tinyusb/src/common/tusb_fifo.c.o
                0x10009e5c                tu_fifo_count
 .text.tu_fifo_empty
                0x10009e88       0x10 CMakeFiles/pokemon_bank.dir/home/corey/pico-sdk/lib/tinyusb/src/common/tusb_fifo.c.o
                0x10009e88                tu_fifo_empty
 .text.tu_fifo_remaining
                0x10009e98       0x2c CMakeFiles/pokemon_bank.dir/home/corey/pico-sdk/lib/tinyusb/src/common/tusb_fifo.c.o
                0x10009e98                tu_fifo_remaining
 .text.tu_fifo_read
                0x10009ec4       0x80 CMakeFiles/pokemon_bank.dir/home/corey/pico-sdk/lib/tinyusb/src/common/tusb_fifo.c.o
                0x10009ec4                tu_fifo_read
 .text.tu_fifo_read_n
                0x10009f44       0xcc CMakeFiles/pokemon_bank.dir/home/corey/pico-sdk/lib/tinyusb/src/common/tusb_fifo.c.o
                0x10009f44                tu_fifo_read_n
 .text.tu_fifo_write
                0x1000a010       0x84 CMakeFiles/pokemon_bank.dir/home/corey/pico-sdk/lib/tinyusb/src/common/tusb_fifo.c.o
                0x1000a010                tu_fifo_write
 .text.tu_fifo_write_n
                0x1000a094      0x140 CMakeFiles/pokemon_bank.dir/home/corey/pico-sdk/lib/tinyusb/src/common/tusb_fifo.c.o
                0x1000a094                tu_fifo_write_n
 .text.tu_fifo_clear
                0x1000a1d4        0xc CMakeFiles/pokemon_bank.dir/home/corey/pico-sdk/lib/tinyusb/src/common/tusb_fifo.c.o
                0x1000a1d4                tu_fifo_clear
 .text.tu_fifo_set_overwritable
                0x1000a1e0       0x10 CMakeFiles/pokemon_bank.dir/home/corey/pico-sdk/lib/tinyusb/src/common/tusb_fifo.c.o
                0x1000a1e0                tu_fifo_set_overwritable
 .text.pio_sm_unclaim
                0x1000a1f0       0x20 CMakeFiles/pokemon_bank.dir/home/corey/pico-sdk/src/rp2_common/hardware_pio/pio.c.o
                0x1000a1f0                pio_sm_unclaim
 .text.pio_claim_unused_sm
                0x1000a210       0x38 CMakeFiles/pokemon_bank.dir/home/corey/pico-sdk/src/rp2_common/hardware_pio/pio.c.o
                0x1000a210                pio_claim_unused_sm
 .text.pio_can_add_program
                0x1000a248       0x7c CMakeFiles/pokemon_bank.dir/home/corey/pico-sdk/src/rp2_common/hardware_pio/pio.c.o
                0x1000a248                pio_can_add_program
 .text.pio_add_program
                0x1000a2c4       0xf8 CMakeFiles/pokemon_bank.dir/home/corey/pico-sdk/src/rp2_common/hardware_pio/pio.c.o
                0x1000a2c4                pio_add_program
 .text.pio_sm_set_consecutive_pindirs
                0x1000a3bc       0xb4 CMakeFiles/pokemon_bank.dir/home/corey/pico-sdk/src/rp2_common/hardware_pio/pio.c.o
                0x1000a3bc                pio_sm_set_consecutive_pindirs
 .text.pio_sm_init
                0x1000a470       0x9c CMakeFiles/pokemon_bank.dir/home/corey/pico-sdk/src/rp2_common/hardware_pio/pio.c.o
                0x1000a470                pio_sm_init
 .text.board_init
                0x1000a50c       0x14 CMakeFiles/pokemon_bank.dir/home/corey/pico-sdk/lib/tinyusb/hw/bsp/rp2040/family.c.o
                0x1000a50c                board_init
 .text          0x1000a520       0x5c /usr/lib/gcc/arm-none-eabi/14.2.1/../../../arm-none-eabi/lib/thumb/v6-m/nofp/libg.a(libc_a-strlen-stub.o)
                0x1000a520                strlen
 .text          0x1000a57c       0xc4 /usr/lib/gcc/arm-none-eabi/14.2.1/../../../arm-none-eabi/lib/thumb/v6-m/nofp/libg.a(libc_a-strchr.o)
                0x1000a57c                strchr
 .text          0x1000a640      0x600 /usr/lib/gcc/arm-none-eabi/14.2.1/../../../arm-none-eabi/lib/thumb/v6-m/nofp/libg.a(libc_a-strstr.o)
                0x1000aac4                strstr
 .text          0x1000ac40       0x28 /usr/lib/gcc/arm-none-eabi/14.2.1/../../../arm-none-eabi/lib/thumb/v6-m/nofp/libg.a(libc_a-fini.o)
                0x1000ac40                __libc_fini_array
 .text          0x1000ac68       0x48 /usr/lib/gcc/arm-none-eabi/14.2.1/../../../arm-none-eabi/lib/thumb/v6-m/nofp/libg.a(libc_a-memcmp.o)
                0x1000ac68                memcmp
 .text          0x1000acb0      0x190 /usr/lib/gcc/arm-none-eabi/14.2.1/../../../arm-none-eabi/lib/thumb/v6-m/nofp/libg.a(libc_a-strtol.o)
                0x1000ae08                _strtol_r
                0x1000ae10                strtol_l
                0x1000ae28                strtol
 .text          0x1000ae40        0xc /usr/lib/gcc/arm-none-eabi/14.2.1/../../../arm-none-eabi/lib/thumb/v6-m/nofp/libg.a(libc_a-errno.o)
                0x1000ae40                __errno
 .text          0x1000ae4c       0x10 /usr/lib/gcc/arm-none-eabi/14.2.1/../../../arm-none-eabi/lib/thumb/v6-m/nofp/libg.a(libc_a-atexit.o)
                0x1000ae4c                atexit
 .text          0x1000ae5c       0x24 /usr/lib/gcc/arm-none-eabi/14.2.1/../../../arm-none-eabi/lib/thumb/v6-m/nofp/libg.a(libc_a-strnlen.o)
                0x1000ae5c                strnlen
 .text          0x1000ae80       0x78 /usr/lib/gcc/arm-none-eabi/14.2.1/../../../arm-none-eabi/lib/thumb/v6-m/nofp/libg.a(libc_a-__atexit.o)
                0x1000ae80                __register_exitproc
 .text.startup  0x1000aef8       0x18 /usr/lib/gcc/arm-none-eabi/14.2.1/../../../arm-none-eabi/lib/thumb/v6-m/nofp/libg.a(libc_a-__call_atexit.o)
 *(.fini)
 .fini          0x1000af10        0x4 /usr/lib/gcc/arm-none-eabi/14.2.1/thumb/v6-m/nofp/crti.o
                0x1000af10                _fini
 *fill*         0x1000af14        0x4 
 .fini.__stub   0x1000af18       0xc0 linker stubs
 *crtbegin.o(.ctors)
 *crtbegin?.o(.ctors)
 *(EXCLUDE_FILE(*crtend.o *crtend?.o) .ctors)
 *(SORT_BY_NAME(.ctors.*))
 *(.ctors)
 *crtbegin.o(.dtors)
 *crtbegin?.o(.dtors)
 *(EXCLUDE_FILE(*crtend.o *crtend?.o) .dtors)
 *(SORT_BY_NAME(.dtors.*))
 *(.dtors)
                0x1000afd8                        . = ALIGN (0x4)
                0x1000afd8                        PROVIDE (__preinit_array_start = .)
 *(SORT_BY_NAME(.preinit_array.*))
 .preinit_array.00100
                0x1000afd8        0x4 CMakeFiles/pokemon_bank.dir/home/corey/pico-sdk/src/rp2_common/pico_runtime_init/runtime_init.c.o
                0x1000afd8                __pre_init_runtime_init_early_resets
 .preinit_array.00101
                0x1000afdc        0x4 CMakeFiles/pokemon_bank.dir/home/corey/pico-sdk/src/rp2_common/pico_runtime_init/runtime_init.c.o
                0x1000afdc                __pre_init_runtime_init_usb_power_down
 .preinit_array.00275
                0x1000afe0        0x4 CMakeFiles/pokemon_bank.dir/home/corey/pico-sdk/src/rp2_common/pico_bit_ops/bit_ops_aeabi.S.o
 .preinit_array.00300
                0x1000afe4        0x4 CMakeFiles/pokemon_bank.dir/home/corey/pico-sdk/src/rp2_common/pico_mem_ops/mem_ops_aeabi.S.o
 .preinit_array.00350
                0x1000afe8        0x4 CMakeFiles/pokemon_bank.dir/home/corey/pico-sdk/src/rp2_common/pico_double/double_aeabi_rp2040.S.o
 .preinit_array.00350
                0x1000afec        0x4 CMakeFiles/pokemon_bank.dir/home/corey/pico-sdk/src/rp2_common/pico_float/float_aeabi_rp2040.S.o
 .preinit_array.00500
                0x1000aff0        0x4 CMakeFiles/pokemon_bank.dir/home/corey/pico-sdk/src/rp2_common/pico_runtime_init/runtime_init.c.o
                0x1000aff0                __pre_init_runtime_init_clocks
 .preinit_array.00600
                0x1000aff4        0x4 CMakeFiles/pokemon_bank.dir/home/corey/pico-sdk/src/rp2_common/pico_runtime_init/runtime_init.c.o
                0x1000aff4                __pre_init_runtime_init_post_clock_resets
 .preinit_array.00700
                0x1000aff8        0x4 CMakeFiles/pokemon_bank.dir/home/corey/pico-sdk/src/rp2_common/pico_runtime_init/runtime_init.c.o
                0x1000aff8                __pre_init_runtime_init_rp2040_gpio_ie_disable
 .preinit_array.01000
                0x1000affc        0x4 CMakeFiles/pokemon_bank.dir/home/corey/pico-sdk/src/rp2_common/pico_runtime_init/runtime_init.c.o
                0x1000affc                __pre_init_runtime_init_spin_locks_reset
 .preinit_array.01100
                0x1000b000        0x4 CMakeFiles/pokemon_bank.dir/home/corey/pico-sdk/src/common/pico_sync/mutex.c.o
                0x1000b000                __pre_init_runtime_init_mutex
 .preinit_array.10080
                0x1000b004        0x4 CMakeFiles/pokemon_bank.dir/home/corey/pico-sdk/src/rp2_common/pico_runtime_init/runtime_init.c.o
                0x1000b004                __pre_init_runtime_init_install_ram_vector_table
 .preinit_array.11000
                0x1000b008        0x4 CMakeFiles/pokemon_bank.dir/home/corey/pico-sdk/src/common/pico_time/time.c.o
                0x1000b008                __pre_init_runtime_init_default_alarm_pool
 .preinit_array.YYYYY
                0x1000b00c        0x4 CMakeFiles/pokemon_bank.dir/home/corey/pico-sdk/src/rp2_common/pico_runtime/runtime.c.o
                0x1000b00c                __pre_init_first_per_core_initializer
 .preinit_array.ZZZZZ.01200
                0x1000b010        0x4 CMakeFiles/pokemon_bank.dir/home/corey/pico-sdk/src/rp2_common/hardware_irq/irq.c.o
                0x1000b010                __pre_init_runtime_init_per_core_irq_priorities
 *(.preinit_array)
                0x1000b014                        PROVIDE (__preinit_array_end = .)
                0x1000b014                        . = ALIGN (0x4)
                0x1000b014                        PROVIDE (__init_array_start = .)
 *(SORT_BY_NAME(.init_array.*))
 .init_array.00000
                0x1000b014        0x4 /usr/lib/gcc/arm-none-eabi/14.2.1/../../../arm-none-eabi/lib/thumb/v6-m/nofp/libg.a(libc_a-__call_atexit.o)
 .init_array.01000
                0x1000b018        0x4 CMakeFiles/pokemon_bank.dir/home/corey/pico-sdk/src/rp2_common/pico_unique_id/unique_id.c.o
 *(.init_array)
 .init_array    0x1000b01c        0x4 /usr/lib/gcc/arm-none-eabi/14.2.1/thumb/v6-m/nofp/crtbegin.o
                0x1000b020                        PROVIDE (__init_array_end = .)
                0x1000b020                        . = ALIGN (0x4)
                0x1000b020                        PROVIDE (__fini_array_start = .)
 *(SORT_BY_NAME(.fini_array.*))
 *(.fini_array)
                0x1000b020                        PROVIDE (__fini_array_end = .)
 *(.eh_frame*)
 .eh_frame      0x1000b020        0x0 /usr/lib/gcc/arm-none-eabi/14.2.1/thumb/v6-m/nofp/crtbegin.o
                0x1000b020                        . = ALIGN (0x4)

.glue_7         0x1000b020        0x0
 .glue_7        0x1000b020        0x0 linker stubs

.glue_7t        0x1000b020        0x0
 .glue_7t       0x1000b020        0x0 linker stubs

.vfp11_veneer   0x1000b020        0x0
 .vfp11_veneer  0x1000b020        0x0 linker stubs

.v4_bx          0x1000b020        0x0
 .v4_bx         0x1000b020        0x0 linker stubs

.iplt           0x1000b020        0x0
 .iplt          0x1000b020        0x0 /usr/lib/gcc/arm-none-eabi/14.2.1/thumb/v6-m/nofp/crtbegin.o

.rodata         0x1000b020     0x1f70
 *(EXCLUDE_FILE(*libm.a: *libc.a:*lib_a-mem*.o *libgcc.a:) .rodata*)
 .rodata.on_trade_complete.str1.4
                0x1000b020     0x16fc CMakeFiles/pokemon_bank.dir/src/main.c.o
                                 0xcb (size before relaxing)
 .rodata.update_led_for_state
                0x1000c71c       0x20 CMakeFiles/pokemon_bank.dir/src/main.c.o
 .rodata.link_callback.str1.4
                0x1000c73c       0x19 CMakeFiles/pokemon_bank.dir/src/main.c.o
 .rodata.main.str1.4
                0x1000c73c      0x950 CMakeFiles/pokemon_bank.dir/src/main.c.o
 .rodata.main   0x1000c73c      0x1bc CMakeFiles/pokemon_bank.dir/src/main.c.o
 .rodata.gb_link_init.str1.4
                0x1000c8f8       0x9f CMakeFiles/pokemon_bank.dir/src/gb_link.c.o
 .rodata.gb_link_start.str1.4
                0x1000c8f8       0x2b CMakeFiles/pokemon_bank.dir/src/gb_link.c.o
 .rodata.gb_link_reset.str1.4
                0x1000c8f8       0x10 CMakeFiles/pokemon_bank.dir/src/gb_link.c.o
 .rodata.gb_link_process.str1.4
                0x1000c8f8       0x35 CMakeFiles/pokemon_bank.dir/src/gb_link.c.o
 .rodata.gb_link_slave_program
                0x1000c8f8        0x8 CMakeFiles/pokemon_bank.dir/src/gb_link.c.o
 .rodata.gb_link_slave_program_instructions
                0x1000c900        0xa CMakeFiles/pokemon_bank.dir/src/gb_link.c.o
 .rodata.pokemon_create_bulbasaur.str1.4
                0x1000c90a        0xa CMakeFiles/pokemon_bank.dir/src/pokemon_data.c.o
 .rodata.pokemon_get_species_name.str1.4
                0x1000c90a       0x8c CMakeFiles/pokemon_bank.dir/src/pokemon_data.c.o
 *fill*         0x1000c90a        0x2 
 .rodata.pokemon_get_species_name
                0x1000c90c       0xc8 CMakeFiles/pokemon_bank.dir/src/pokemon_data.c.o
 .rodata.pokemon_print_info.str1.4
                0x1000c9d4       0xca CMakeFiles/pokemon_bank.dir/src/pokemon_data.c.o
 .rodata.pokemon_print_info
                0x1000c9d4       0xc8 CMakeFiles/pokemon_bank.dir/src/pokemon_data.c.o
 .rodata.pokemon_trade_state_name.str1.4
                0x1000ca9c        0x8 CMakeFiles/pokemon_bank.dir/src/pokemon_trade.c.o
 .rodata.pokemon_trade_init.str1.4
                0x1000ca9c       0x30 CMakeFiles/pokemon_bank.dir/src/pokemon_trade.c.o
 .rodata.pokemon_trade_process.str1.4
                0x1000ca9c      0x2fb CMakeFiles/pokemon_bank.dir/src/pokemon_trade.c.o
 .rodata.pokemon_trade_process
                0x1000ca9c       0x2c CMakeFiles/pokemon_bank.dir/src/pokemon_trade.c.o
 .rodata.str1.4
                0x1000cac8       0x4a CMakeFiles/pokemon_bank.dir/src/pokemon_trade.c.o
 .rodata.CSWTCH.4
                0x1000cac8       0x20 CMakeFiles/pokemon_bank.dir/src/pokemon_trade.c.o
 .rodata.write_to_flash.str1.4
                0x1000cae8       0x81 CMakeFiles/pokemon_bank.dir/src/pokemon_storage.c.o
 .rodata.pokemon_storage_init.str1.4
                0x1000cae8       0xa5 CMakeFiles/pokemon_bank.dir/src/pokemon_storage.c.o
 .rodata.pokemon_storage_add.str1.4
                0x1000cae8       0x3b CMakeFiles/pokemon_bank.dir/src/pokemon_storage.c.o
 .rodata.pokemon_storage_remove.str1.4
                0x1000cae8       0x31 CMakeFiles/pokemon_bank.dir/src/pokemon_storage.c.o
 .rodata.pokemon_storage_update.str1.4
                0x1000cae8       0x20 CMakeFiles/pokemon_bank.dir/src/pokemon_storage.c.o
 .rodata.pokemon_storage_clear.str1.4
                0x1000cae8       0x22 CMakeFiles/pokemon_bank.dir/src/pokemon_storage.c.o
 .rodata.pokemon_storage_print.str1.4
                0x1000cae8       0xd8 CMakeFiles/pokemon_bank.dir/src/pokemon_storage.c.o
 .rodata.pokemon_storage_status_name.str1.4
                0x1000cae8        0x8 CMakeFiles/pokemon_bank.dir/src/pokemon_storage.c.o
 .rodata.str1.4
                0x1000cae8       0x58 CMakeFiles/pokemon_bank.dir/src/pokemon_storage.c.o
 .rodata.CSWTCH.37
                0x1000cae8       0x1c CMakeFiles/pokemon_bank.dir/src/pokemon_storage.c.o
 .rodata.json_find_int.constprop.0.str1.4
                0x1000cb04        0xd CMakeFiles/pokemon_bank.dir/src/webui_protocol.c.o
 .rodata.webui_process_command.str1.4
                0x1000cb04      0x278 CMakeFiles/pokemon_bank.dir/src/webui_protocol.c.o
 .rodata.tud_descriptor_string_cb.str1.4
                0x1000cb04        0x5 CMakeFiles/pokemon_bank.dir/src/usb_descriptors.c.o
 .rodata.str1.4
                0x1000cb04       0x3d CMakeFiles/pokemon_bank.dir/src/usb_descriptors.c.o
 .rodata.__compound_literal.0
                0x1000cb04        0x2 CMakeFiles/pokemon_bank.dir/src/usb_descriptors.c.o
 *fill*         0x1000cb06        0x2 
 .rodata.desc_configuration
                0x1000cb08       0x4b CMakeFiles/pokemon_bank.dir/src/usb_descriptors.c.o
                0x1000cb08                desc_configuration
 *fill*         0x1000cb53        0x1 
 .rodata.desc_device
                0x1000cb54       0x12 CMakeFiles/pokemon_bank.dir/src/usb_descriptors.c.o
                0x1000cb54                desc_device
 .rodata.panic.str1.4
                0x1000cb66       0x12 CMakeFiles/pokemon_bank.dir/home/corey/pico-sdk/src/rp2_common/pico_platform_panic/panic.c.o
 .rodata.timer_hardware_alarm_claim.str1.4
                0x1000cb66       0x22 CMakeFiles/pokemon_bank.dir/home/corey/pico-sdk/src/rp2_common/hardware_timer/timer.c.o
 .rodata.hard_assertion_failure.str1.4
                0x1000cb66        0xc CMakeFiles/pokemon_bank.dir/home/corey/pico-sdk/src/rp2_common/pico_runtime/runtime.c.o
 .rodata.str1.4
                0x1000cb66       0x44 CMakeFiles/pokemon_bank.dir/home/corey/pico-sdk/src/rp2_common/pico_standard_binary_info/standard_binary_info.c.o
 *fill*         0x1000cb66        0x2 
 .rodata.__bi_84
                0x1000cb68        0xc CMakeFiles/pokemon_bank.dir/home/corey/pico-sdk/src/rp2_common/pico_standard_binary_info/standard_binary_info.c.o
 .rodata.__bi_78
                0x1000cb74        0xc CMakeFiles/pokemon_bank.dir/home/corey/pico-sdk/src/rp2_common/pico_standard_binary_info/standard_binary_info.c.o
 .rodata.__bi_54
                0x1000cb80        0xc CMakeFiles/pokemon_bank.dir/home/corey/pico-sdk/src/rp2_common/pico_standard_binary_info/standard_binary_info.c.o
 .rodata.__bi_48
                0x1000cb8c        0xc CMakeFiles/pokemon_bank.dir/home/corey/pico-sdk/src/rp2_common/pico_standard_binary_info/standard_binary_info.c.o
 .rodata.__bi_42
                0x1000cb98        0xc CMakeFiles/pokemon_bank.dir/home/corey/pico-sdk/src/rp2_common/pico_standard_binary_info/standard_binary_info.c.o
 .rodata.__bi_34
                0x1000cba4        0xc CMakeFiles/pokemon_bank.dir/home/corey/pico-sdk/src/rp2_common/pico_standard_binary_info/standard_binary_info.c.o
 .rodata.__bi_26
                0x1000cbb0        0xc CMakeFiles/pokemon_bank.dir/home/corey/pico-sdk/src/rp2_common/pico_standard_binary_info/standard_binary_info.c.o
 .rodata._ftoa.str1.4
                0x1000cbbc       0x15 CMakeFiles/pokemon_bank.dir/home/corey/pico-sdk/src/rp2_common/pico_printf/printf.c.o
 .rodata._vsnprintf
                0x1000cbbc      0x19c CMakeFiles/pokemon_bank.dir/home/corey/pico-sdk/src/rp2_common/pico_printf/printf.c.o
 .rodata.pow10.0
                0x1000cd58       0x50 CMakeFiles/pokemon_bank.dir/home/corey/pico-sdk/src/rp2_common/pico_printf/printf.c.o
 .rodata.crlf_str.0
                0x1000cda8        0x2 CMakeFiles/pokemon_bank.dir/home/corey/pico-sdk/src/rp2_common/pico_stdio/stdio.c.o
 .rodata.str1.4
                0x1000cdaa       0x13 CMakeFiles/pokemon_bank.dir/home/corey/pico-sdk/src/rp2_common/pico_stdio_usb/stdio_usb.c.o
 *fill*         0x1000cdaa        0x2 
 .rodata.__bi_202.0
                0x1000cdac        0xc CMakeFiles/pokemon_bank.dir/home/corey/pico-sdk/src/rp2_common/pico_stdio_usb/stdio_usb.c.o
 .rodata.str1.4
                0x1000cdb8       0x14 CMakeFiles/pokemon_bank.dir/home/corey/pico-sdk/lib/tinyusb/src/portable/raspberrypi/rp2040/dcd_rp2040.c.o
 .rodata.str1.4
                0x1000cdb8       0x48 CMakeFiles/pokemon_bank.dir/home/corey/pico-sdk/lib/tinyusb/src/portable/raspberrypi/rp2040/rp2040_usb.c.o
 .rodata.tud_task_ext
                0x1000cdb8       0x8c CMakeFiles/pokemon_bank.dir/home/corey/pico-sdk/lib/tinyusb/src/device/usbd.c.o
 .rodata        0x1000ce44       0x1c CMakeFiles/pokemon_bank.dir/home/corey/pico-sdk/lib/tinyusb/src/device/usbd.c.o
 .rodata._usbd_driver
                0x1000ce60       0x20 CMakeFiles/pokemon_bank.dir/home/corey/pico-sdk/lib/tinyusb/src/device/usbd.c.o
 .rodata.pio_claim_unused_sm.str1.4
                0x1000ce80       0x24 CMakeFiles/pokemon_bank.dir/home/corey/pico-sdk/src/rp2_common/hardware_pio/pio.c.o
 .rodata.str1.4
                0x1000ce80        0x4 CMakeFiles/pokemon_bank.dir/home/corey/pico-sdk/lib/tinyusb/hw/bsp/rp2040/family.c.o
 .rodata.__bi_153.0
                0x1000ce80        0xc CMakeFiles/pokemon_bank.dir/home/corey/pico-sdk/lib/tinyusb/hw/bsp/rp2040/family.c.o
 .rodata        0x1000ce8c      0x101 /usr/lib/gcc/arm-none-eabi/14.2.1/../../../arm-none-eabi/lib/thumb/v6-m/nofp/libg.a(libc_a-ctype_.o)
                0x1000ce8c                _ctype_
                0x1000cf90                        . = ALIGN (0x4)
 *fill*         0x1000cf8d        0x3 
 *(SORT_BY_ALIGNMENT(SORT_BY_NAME(.flashdata*)))
                0x1000cf90                        . = ALIGN (0x4)

.ARM.extab
 *(.ARM.extab* .gnu.linkonce.armextab.*)
                0x1000cf90                        __exidx_start = .

.ARM.exidx
 *(.ARM.exidx* .gnu.linkonce.armexidx.*)
                0x1000cf90                        __exidx_end = .
                0x1000cf90                        . = ALIGN (0x4)
                0x1000cf90                        __binary_info_start = .

.binary_info    0x1000cf90       0x24
 *(.binary_info.keep.*)
 .binary_info.keep.__bi_ptr84
                0x1000cf90        0x4 CMakeFiles/pokemon_bank.dir/home/corey/pico-sdk/src/rp2_common/pico_standard_binary_info/standard_binary_info.c.o
 .binary_info.keep.__bi_ptr78
                0x1000cf94        0x4 CMakeFiles/pokemon_bank.dir/home/corey/pico-sdk/src/rp2_common/pico_standard_binary_info/standard_binary_info.c.o
 .binary_info.keep.__bi_ptr54
                0x1000cf98        0x4 CMakeFiles/pokemon_bank.dir/home/corey/pico-sdk/src/rp2_common/pico_standard_binary_info/standard_binary_info.c.o
 .binary_info.keep.__bi_ptr48
                0x1000cf9c        0x4 CMakeFiles/pokemon_bank.dir/home/corey/pico-sdk/src/rp2_common/pico_standard_binary_info/standard_binary_info.c.o
 .binary_info.keep.__bi_ptr42
                0x1000cfa0        0x4 CMakeFiles/pokemon_bank.dir/home/corey/pico-sdk/src/rp2_common/pico_standard_binary_info/standard_binary_info.c.o
 .binary_info.keep.__bi_ptr34
                0x1000cfa4        0x4 CMakeFiles/pokemon_bank.dir/home/corey/pico-sdk/src/rp2_common/pico_standard_binary_info/standard_binary_info.c.o
 .binary_info.keep.__bi_ptr26
                0x1000cfa8        0x4 CMakeFiles/pokemon_bank.dir/home/corey/pico-sdk/src/rp2_common/pico_standard_binary_info/standard_binary_info.c.o
 .binary_info.keep.__bi_ptr153
                0x1000cfac        0x4 CMakeFiles/pokemon_bank.dir/home/corey/pico-sdk/lib/tinyusb/hw/bsp/rp2040/family.c.o
 *(.binary_info.*)
 .binary_info.__bi_ptr202
                0x1000cfb0        0x4 CMakeFiles/pokemon_bank.dir/home/corey/pico-sdk/src/rp2_common/pico_stdio_usb/stdio_usb.c.o
                0x1000cfb4                        __binary_info_end = .
                0x1000cfb4                        . = ALIGN (0x4)

.ram_vector_table
                0x20000000       0xc0
 *(.ram_vector_table)
 .ram_vector_table
                0x20000000       0xc0 CMakeFiles/pokemon_bank.dir/home/corey/pico-sdk/src/rp2_common/pico_runtime_init/runtime_init.c.o
                0x20000000                ram_vector_table

.uninitialized_data
                0x200000c0        0x0
                0x200000c0                        . = ALIGN (0x4)
 *(.uninitialized_data*)

.data           0x200000c0     0x1180 load address 0x1000cfb4
                0x200000c0                        __data_start__ = .
 *(vtable)
 *(.time_critical*)
 .time_critical.mutex_try_enter_block_until
                0x200000c0       0x98 CMakeFiles/pokemon_bank.dir/home/corey/pico-sdk/src/common/pico_sync/mutex.c.o
                0x200000c0                mutex_try_enter_block_until
 .time_critical.mutex_exit
                0x20000158       0x28 CMakeFiles/pokemon_bank.dir/home/corey/pico-sdk/src/common/pico_sync/mutex.c.o
                0x20000158                mutex_exit
 .time_critical.flash_init_boot2_copyout
                0x20000180       0x30 CMakeFiles/pokemon_bank.dir/home/corey/pico-sdk/src/rp2_common/hardware_flash/flash.c.o
 .time_critical.flash_enable_xip_via_boot2
                0x200001b0        0xc CMakeFiles/pokemon_bank.dir/home/corey/pico-sdk/src/rp2_common/hardware_flash/flash.c.o
 .time_critical.flash_save_hardware_state
                0x200001bc       0x20 CMakeFiles/pokemon_bank.dir/home/corey/pico-sdk/src/rp2_common/hardware_flash/flash.c.o
 .time_critical.flash_restore_hardware_state
                0x200001dc       0x20 CMakeFiles/pokemon_bank.dir/home/corey/pico-sdk/src/rp2_common/hardware_flash/flash.c.o
 .time_critical.flash_cs_force
                0x200001fc       0x38 CMakeFiles/pokemon_bank.dir/home/corey/pico-sdk/src/rp2_common/hardware_flash/flash.c.o
 .time_critical.flash_range_erase
                0x20000234       0x90 CMakeFiles/pokemon_bank.dir/home/corey/pico-sdk/src/rp2_common/hardware_flash/flash.c.o
                0x20000234                flash_range_erase
 .time_critical.flash_range_program
                0x200002c4       0x90 CMakeFiles/pokemon_bank.dir/home/corey/pico-sdk/src/rp2_common/hardware_flash/flash.c.o
                0x200002c4                flash_range_program
 .time_critical.flash_do_cmd
                0x20000354      0x13c CMakeFiles/pokemon_bank.dir/home/corey/pico-sdk/src/rp2_common/hardware_flash/flash.c.o
                0x20000354                flash_do_cmd
 .time_critical.reset_non_control_endpoints
                0x20000490       0x68 CMakeFiles/pokemon_bank.dir/home/corey/pico-sdk/lib/tinyusb/src/portable/raspberrypi/rp2040/dcd_rp2040.c.o
 .time_critical.hw_handle_buff_status
                0x200004f8       0xa0 CMakeFiles/pokemon_bank.dir/home/corey/pico-sdk/lib/tinyusb/src/portable/raspberrypi/rp2040/dcd_rp2040.c.o
 .time_critical.dcd_rp2040_irq
                0x20000598      0x548 CMakeFiles/pokemon_bank.dir/home/corey/pico-sdk/lib/tinyusb/src/portable/raspberrypi/rp2040/dcd_rp2040.c.o
 .time_critical.prepare_ep_buffer
                0x20000ae0       0xc8 CMakeFiles/pokemon_bank.dir/home/corey/pico-sdk/lib/tinyusb/src/portable/raspberrypi/rp2040/rp2040_usb.c.o
 .time_critical.sync_ep_buffer
                0x20000ba8       0x9c CMakeFiles/pokemon_bank.dir/home/corey/pico-sdk/lib/tinyusb/src/portable/raspberrypi/rp2040/rp2040_usb.c.o
 .time_critical._hw_endpoint_xfer_sync
                0x20000c44       0x28 CMakeFiles/pokemon_bank.dir/home/corey/pico-sdk/lib/tinyusb/src/portable/raspberrypi/rp2040/rp2040_usb.c.o
 .time_critical.e15_is_bulkin_ep
                0x20000c6c       0x28 CMakeFiles/pokemon_bank.dir/home/corey/pico-sdk/lib/tinyusb/src/portable/raspberrypi/rp2040/rp2040_usb.c.o
 .time_critical.e15_is_critical_frame_period
                0x20000c94       0x34 CMakeFiles/pokemon_bank.dir/home/corey/pico-sdk/lib/tinyusb/src/portable/raspberrypi/rp2040/rp2040_usb.c.o
 .time_critical.hw_endpoint_reset_transfer
                0x20000cc8        0xc CMakeFiles/pokemon_bank.dir/home/corey/pico-sdk/lib/tinyusb/src/portable/raspberrypi/rp2040/rp2040_usb.c.o
                0x20000cc8                hw_endpoint_reset_transfer
 .time_critical._hw_endpoint_buffer_control_update32
                0x20000cd4       0x50 CMakeFiles/pokemon_bank.dir/home/corey/pico-sdk/lib/tinyusb/src/portable/raspberrypi/rp2040/rp2040_usb.c.o
                0x20000cd4                _hw_endpoint_buffer_control_update32
 .time_critical.hw_endpoint_start_next_buffer
                0x20000d24       0x68 CMakeFiles/pokemon_bank.dir/home/corey/pico-sdk/lib/tinyusb/src/portable/raspberrypi/rp2040/rp2040_usb.c.o
                0x20000d24                hw_endpoint_start_next_buffer
 .time_critical.hw_endpoint_xfer_continue
                0x20000d8c       0x40 CMakeFiles/pokemon_bank.dir/home/corey/pico-sdk/lib/tinyusb/src/portable/raspberrypi/rp2040/rp2040_usb.c.o
                0x20000d8c                hw_endpoint_xfer_continue
 .time_critical.tinyusb
                0x20000dcc      0x1dc CMakeFiles/pokemon_bank.dir/home/corey/pico-sdk/lib/tinyusb/src/device/usbd.c.o
                0x20000dcc                dcd_event_handler
 *(.text*)
 .text          0x20000fa8        0x4 /usr/lib/gcc/arm-none-eabi/14.2.1/thumb/v6-m/nofp/libgcc.a(_dvmd_tls.o)
                0x20000fa8                __aeabi_ldiv0
                0x20000fa8                __aeabi_idiv0
 *fill*         0x20000fac        0x4 
 .text.__stub   0x20000fb0       0x70 linker stubs
                0x20001020                        . = ALIGN (0x4)
 *(.rodata*)
                0x20001020                        . = ALIGN (0x4)
 *(.data*)
 .data.string_desc_arr
                0x20001020       0x14 CMakeFiles/pokemon_bank.dir/src/usb_descriptors.c.o
                0x20001020                string_desc_arr
 .data.striped_spin_lock_num
                0x20001034        0x1 CMakeFiles/pokemon_bank.dir/home/corey/pico-sdk/src/rp2_common/hardware_sync/sync.c.o
 *fill*         0x20001035        0x3 
 .data          0x20001038       0x48 CMakeFiles/pokemon_bank.dir/home/corey/pico-sdk/src/rp2_common/hardware_irq/irq_handler_chain.S.o
                0x20001038                irq_handler_chain_slots
                0x20001068                irq_handler_chain_first_slot
                0x20001072                irq_handler_chain_remove_tail
 .data.default_alarm_pool
                0x20001080       0x18 CMakeFiles/pokemon_bank.dir/home/corey/pico-sdk/src/common/pico_time/time.c.o
 *fill*         0x20001098        0x8 
 .data.aeabi_bits_funcs
                0x200010a0       0x10 CMakeFiles/pokemon_bank.dir/home/corey/pico-sdk/src/rp2_common/pico_bit_ops/bit_ops_aeabi.S.o
                0x200010a0                aeabi_bits_funcs
                0x200010b0                aeabi_bits_funcs_end
 .data.aeabi_mem_funcs
                0x200010b0       0x10 CMakeFiles/pokemon_bank.dir/home/corey/pico-sdk/src/rp2_common/pico_mem_ops/mem_ops_aeabi.S.o
                0x200010b0                aeabi_mem_funcs
                0x200010c0                aeabi_mem_funcs_end
 .data.stdio_usb
                0x200010c0       0x18 CMakeFiles/pokemon_bank.dir/home/corey/pico-sdk/src/rp2_common/pico_stdio_usb/stdio_usb.c.o
                0x200010c0                stdio_usb
 .data._usbd_qdef
                0x200010d8       0x10 CMakeFiles/pokemon_bank.dir/home/corey/pico-sdk/lib/tinyusb/src/device/usbd.c.o
                0x200010d8                _usbd_qdef
 .data._usbd_rhport
                0x200010e8        0x1 CMakeFiles/pokemon_bank.dir/home/corey/pico-sdk/lib/tinyusb/src/device/usbd.c.o
 *fill*         0x200010e9        0x7 
 .data          0x200010f0      0x148 /usr/lib/gcc/arm-none-eabi/14.2.1/../../../arm-none-eabi/lib/thumb/v6-m/nofp/libg.a(libc_a-impure.o)
                0x200010f0                _impure_ptr
                0x200010f8                _impure_data
                0x20001238                        . = ALIGN (0x4)
 *(.after_data.*)
                0x20001238                        . = ALIGN (0x4)
                0x20001238                        PROVIDE (__mutex_array_start = .)
 *(SORT_BY_NAME(.mutex_array.*))
 *(.mutex_array)
 .mutex_array   0x20001238        0x8 CMakeFiles/pokemon_bank.dir/home/corey/pico-sdk/src/rp2_common/pico_stdio/stdio.c.o
                0x20001240                        PROVIDE (__mutex_array_end = .)
                0x20001240                        . = ALIGN (0x4)
 *(.jcr)
                0x20001240                        . = ALIGN (0x4)

.tm_clone_table
                0x20001240        0x0 load address 0x1000e134
 .tm_clone_table
                0x20001240        0x0 /usr/lib/gcc/arm-none-eabi/14.2.1/thumb/v6-m/nofp/crtbegin.o
 .tm_clone_table
                0x20001240        0x0 /usr/lib/gcc/arm-none-eabi/14.2.1/thumb/v6-m/nofp/crtend.o

.igot.plt       0x20001240        0x0 load address 0x1000e134
 .igot.plt      0x20001240        0x0 /usr/lib/gcc/arm-none-eabi/14.2.1/thumb/v6-m/nofp/crtbegin.o

.tdata          0x20001240        0x0 load address 0x1000e134
                0x20001240                        . = ALIGN (0x4)
 *(.tdata .tdata.* .gnu.linkonce.td.*)
                0x20001240                        __tdata_end = .
                0x20001240                        PROVIDE (__data_end__ = .)
                0x1000cfb4                        __etext = LOADADDR (.data)

.tbss           0x20001240        0x0 load address 0x1000e134
                0x20001240                        . = ALIGN (0x4)
                0x20001240                        __bss_start__ = .
                0x20001240                        __tls_base = .
 *(.tbss .tbss.* .gnu.linkonce.tb.*)
 *(.tcommon)
                0x20001240                        __tls_end = .

.bss            0x20001240     0x2a00 load address 0x1000e134
                0x20001240                        . = ALIGN (0x4)
                0x20001240                        __tbss_end = .
 *(SORT_BY_ALIGNMENT(SORT_BY_NAME(.bss*)))
 .bss.default_alarm_pool_entries
                0x20001240      0x180 CMakeFiles/pokemon_bank.dir/home/corey/pico-sdk/src/common/pico_time/time.c.o
 .bss.last_avail_time.1
                0x200013c0        0x8 CMakeFiles/pokemon_bank.dir/home/corey/pico-sdk/src/rp2_common/pico_stdio_usb/stdio_usb.c.o
 .bss.sd_table  0x200013c8      0x100 CMakeFiles/pokemon_bank.dir/home/corey/pico-sdk/src/rp2_common/pico_double/double_init_rom_rp2040.c.o
                0x200013c8                sd_table
 .bss.sf_table  0x200014c8      0x100 CMakeFiles/pokemon_bank.dir/home/corey/pico-sdk/src/rp2_common/pico_float/float_init_rom_rp2040.c.o
                0x200014c8                sf_table
 .bss.storage_ram
                0x200015c8      0x538 CMakeFiles/pokemon_bank.dir/src/pokemon_storage.c.o
 .bss           0x20001b00       0x1c /usr/lib/gcc/arm-none-eabi/14.2.1/thumb/v6-m/nofp/crtbegin.o
 .bss           0x20001b1c      0x13c /usr/lib/gcc/arm-none-eabi/14.2.1/../../../arm-none-eabi/lib/thumb/v6-m/nofp/libg.a(libc_a-findfp.o)
                0x20001b1c                __stdio_exit_handler
                0x20001b20                __sf
 .bss           0x20001c58      0x190 /usr/lib/gcc/arm-none-eabi/14.2.1/../../../arm-none-eabi/lib/thumb/v6-m/nofp/libg.a(libc_a-__atexit.o)
                0x20001c58                __atexit0
 .bss           0x20001de8        0x4 /usr/lib/gcc/arm-none-eabi/14.2.1/../../../arm-none-eabi/lib/thumb/v6-m/nofp/libg.a(libc_a-__call_atexit.o)
                0x20001de8                __atexit
 .bss._app_driver
                0x20001dec        0x4 CMakeFiles/pokemon_bank.dir/home/corey/pico-sdk/lib/tinyusb/src/device/usbd.c.o
 .bss._cdcd_epbuf
                0x20001df0       0x80 CMakeFiles/pokemon_bank.dir/home/corey/pico-sdk/lib/tinyusb/src/class/cdc/cdc_device.c.o
 .bss._cdcd_fifo_cfg
                0x20001e70        0x1 CMakeFiles/pokemon_bank.dir/home/corey/pico-sdk/lib/tinyusb/src/class/cdc/cdc_device.c.o
 *fill*         0x20001e71        0x3 
 .bss._cdcd_itf
                0x20001e74      0x228 CMakeFiles/pokemon_bank.dir/home/corey/pico-sdk/lib/tinyusb/src/class/cdc/cdc_device.c.o
 .bss._ctrl_epbuf
                0x2000209c       0x40 CMakeFiles/pokemon_bank.dir/home/corey/pico-sdk/lib/tinyusb/src/device/usbd_control.c.o
 .bss._ctrl_xfer
                0x200020dc       0x14 CMakeFiles/pokemon_bank.dir/home/corey/pico-sdk/lib/tinyusb/src/device/usbd_control.c.o
 .bss._desc_str
                0x200020f0       0x40 CMakeFiles/pokemon_bank.dir/src/usb_descriptors.c.o
 .bss._tusb_rhport_role
                0x20002130        0x2 CMakeFiles/pokemon_bank.dir/home/corey/pico-sdk/lib/tinyusb/src/tusb.c.o
                0x20002130                _tusb_rhport_role
 *fill*         0x20002132        0x2 
 .bss._usbd_dev
                0x20002134       0x54 CMakeFiles/pokemon_bank.dir/home/corey/pico-sdk/lib/tinyusb/src/device/usbd.c.o
 .bss._usbd_q   0x20002188        0x4 CMakeFiles/pokemon_bank.dir/home/corey/pico-sdk/lib/tinyusb/src/device/usbd.c.o
 .bss._usbd_qdef_buf
                0x2000218c       0xc0 CMakeFiles/pokemon_bank.dir/home/corey/pico-sdk/lib/tinyusb/src/device/usbd.c.o
                0x2000218c                _usbd_qdef_buf
 .bss._used_instruction_space
                0x2000224c        0x8 CMakeFiles/pokemon_bank.dir/home/corey/pico-sdk/src/rp2_common/hardware_pio/pio.c.o
 .bss.boot2_copyout
                0x20002254      0x100 CMakeFiles/pokemon_bank.dir/home/corey/pico-sdk/src/rp2_common/hardware_flash/flash.c.o
 .bss.chars_available_callback
                0x20002354        0x4 CMakeFiles/pokemon_bank.dir/home/corey/pico-sdk/src/rp2_common/pico_stdio_usb/stdio_usb.c.o
 .bss.chars_available_param
                0x20002358        0x4 CMakeFiles/pokemon_bank.dir/home/corey/pico-sdk/src/rp2_common/pico_stdio_usb/stdio_usb.c.o
 .bss.claimed   0x2000235c        0x1 CMakeFiles/pokemon_bank.dir/home/corey/pico-sdk/src/rp2_common/hardware_timer/timer.c.o
 *fill*         0x2000235d        0x3 
 .bss.claimed   0x20002360        0x1 CMakeFiles/pokemon_bank.dir/home/corey/pico-sdk/src/rp2_common/hardware_pio/pio.c.o
 *fill*         0x20002361        0x3 
 .bss.configured_freq
                0x20002364       0x28 CMakeFiles/pokemon_bank.dir/home/corey/pico-sdk/src/rp2_common/hardware_clocks/clocks.c.o
 .bss.drivers   0x2000238c        0x4 CMakeFiles/pokemon_bank.dir/home/corey/pico-sdk/src/rp2_common/pico_stdio/stdio.c.o
 .bss.e15_last_sof
                0x20002390        0x4 CMakeFiles/pokemon_bank.dir/home/corey/pico-sdk/lib/tinyusb/src/portable/raspberrypi/rp2040/rp2040_usb.c.o
                0x20002390                e15_last_sof
 .bss.filter    0x20002394        0x4 CMakeFiles/pokemon_bank.dir/home/corey/pico-sdk/src/rp2_common/pico_stdio/stdio.c.o
 .bss.gb_link   0x20002398       0x24 CMakeFiles/pokemon_bank.dir/src/main.c.o
 .bss.hw_endpoints
                0x200023bc      0x400 CMakeFiles/pokemon_bank.dir/home/corey/pico-sdk/lib/tinyusb/src/portable/raspberrypi/rp2040/dcd_rp2040.c.o
 .bss.json_brace_depth
                0x200027bc        0x4 CMakeFiles/pokemon_bank.dir/src/main.c.o
 .bss.json_buffer
                0x200027c0      0x800 CMakeFiles/pokemon_bank.dir/src/main.c.o
 .bss.json_buffer_len
                0x20002fc0        0x4 CMakeFiles/pokemon_bank.dir/src/main.c.o
 .bss.last_status_time.1
                0x20002fc4        0x4 CMakeFiles/pokemon_bank.dir/src/main.c.o
 .bss.lazy_vsnprintf
                0x20002fc8        0x4 CMakeFiles/pokemon_bank.dir/home/corey/pico-sdk/src/rp2_common/pico_printf/printf.c.o
 .bss.next_buffer_ptr
                0x20002fcc        0x4 CMakeFiles/pokemon_bank.dir/home/corey/pico-sdk/lib/tinyusb/src/portable/raspberrypi/rp2040/dcd_rp2040.c.o
 .bss.pools     0x20002fd0       0x10 CMakeFiles/pokemon_bank.dir/home/corey/pico-sdk/src/common/pico_time/time.c.o
 .bss.response_buffer.0
                0x20002fe0      0x800 CMakeFiles/pokemon_bank.dir/src/main.c.o
 .bss.retrieved_id
                0x200037e0        0x8 CMakeFiles/pokemon_bank.dir/home/corey/pico-sdk/src/rp2_common/pico_unique_id/unique_id.c.o
 .bss.serial_str
                0x200037e8       0x11 CMakeFiles/pokemon_bank.dir/src/usb_descriptors.c.o
 *fill*         0x200037f9        0x3 
 .bss.sf_clz_func
                0x200037fc        0x4 CMakeFiles/pokemon_bank.dir/home/corey/pico-sdk/src/rp2_common/pico_double/double_init_rom_rp2040.c.o
                0x200037fc                sf_clz_func
 .bss.sleep_notifier
                0x20003800        0x4 CMakeFiles/pokemon_bank.dir/home/corey/pico-sdk/src/common/pico_time/time.c.o
 .bss.stdio_usb_mutex
                0x20003804        0x8 CMakeFiles/pokemon_bank.dir/home/corey/pico-sdk/src/rp2_common/pico_stdio_usb/stdio_usb.c.o
 .bss.trade_ctx
                0x2000380c      0x428 CMakeFiles/pokemon_bank.dir/src/main.c.o
 .bss._app_driver_count
                0x20003c34        0x1 CMakeFiles/pokemon_bank.dir/home/corey/pico-sdk/lib/tinyusb/src/device/usbd.c.o
 .bss._sof_enable
                0x20003c35        0x1 CMakeFiles/pokemon_bank.dir/home/corey/pico-sdk/lib/tinyusb/src/portable/raspberrypi/rp2040/dcd_rp2040.c.o
 .bss._usbd_queued_setup
                0x20003c36        0x1 CMakeFiles/pokemon_bank.dir/home/corey/pico-sdk/lib/tinyusb/src/device/usbd.c.o
 .bss.boot2_copyout_valid
                0x20003c37        0x1 CMakeFiles/pokemon_bank.dir/home/corey/pico-sdk/src/rp2_common/hardware_flash/flash.c.o
 .bss.irq_handler_chain_free_slot_head
                0x20003c38        0x1 CMakeFiles/pokemon_bank.dir/home/corey/pico-sdk/src/rp2_common/hardware_irq/irq.c.o
 .bss.json_in_string
                0x20003c39        0x1 CMakeFiles/pokemon_bank.dir/src/main.c.o
 .bss.last_reported_state
                0x20003c3a        0x1 CMakeFiles/pokemon_bank.dir/src/main.c.o
 .bss.storage_dirty
                0x20003c3b        0x1 CMakeFiles/pokemon_bank.dir/src/pokemon_storage.c.o
 .bss.storage_initialized
                0x20003c3c        0x1 CMakeFiles/pokemon_bank.dir/src/pokemon_storage.c.o
 *(COMMON)
                0x20003c40                        . = ALIGN (0x4)
 *fill*         0x20003c3d        0x3 
                0x20003c40                        __bss_end__ = .

.heap           0x20003c40      0x800 load address 0x1000e134
                0x20003c40                        __end__ = .
                0x20003c40                        end = __end__
 *(.heap*)
 .heap          0x20003c40      0x800 CMakeFiles/pokemon_bank.dir/home/corey/pico-sdk/src/rp2_common/pico_crt0/crt0.S.o
                0x20040000                        __HeapLimit = (ORIGIN (RAM) + LENGTH (RAM))

.scratch_x      0x20040000        0x0 load address 0x1000e134
                0x20040000                        __scratch_x_start__ = .
 *(.scratch_x.*)
                0x20040000                        . = ALIGN (0x4)
                0x20040000                        __scratch_x_end__ = .
                0x1000e134                        __scratch_x_source__ = LOADADDR (.scratch_x)

.scratch_y      0x20041000        0x0 load address 0x1000e134
                0x20041000                        __scratch_y_start__ = .
 *(.scratch_y.*)
                0x20041000                        . = ALIGN (0x4)
                0x20041000                        __scratch_y_end__ = .
                0x1000e134                        __scratch_y_source__ = LOADADDR (.scratch_y)

.stack1_dummy
 *(.stack1*)

.stack_dummy    0x20041000      0x800
 *(.stack*)
 .stack         0x20041000      0x800 CMakeFiles/pokemon_bank.dir/home/corey/pico-sdk/src/rp2_common/pico_crt0/crt0.S.o

.rel.dyn        0x20041800        0x0
 .rel.iplt      0x20041800        0x0 /usr/lib/gcc/arm-none-eabi/14.2.1/thumb/v6-m/nofp/crtbegin.o

.flash_end      0x1000e134        0x0
 *(.embedded_end_block*)
                0x1000e134                        PROVIDE (__flash_binary_end = .)
                0x20040000                        __StackLimit = (ORIGIN (RAM) + LENGTH (RAM))
                0x20041000                        __StackOneTop = (ORIGIN (SCRATCH_X) + LENGTH (SCRATCH_X))
                0x20042000                        __StackTop = (ORIGIN (SCRATCH_Y) + LENGTH (SCRATCH_Y))
                0x20041000                        __StackOneBottom = (__StackOneTop - SIZEOF (.stack1_dummy))
                0x20041800                        __StackBottom = (__StackTop - SIZEOF (.stack_dummy))
                0x20042000                        PROVIDE (__stack = __StackTop)
                [!provide]                        PROVIDE (__heap_start = __end__)
                [!provide]                        PROVIDE (__heap_end = __HeapLimit)
                [!provide]                        PROVIDE (__tls_align = MAX (ALIGNOF (.tdata), ALIGNOF (.tbss)))
                [!provide]                        PROVIDE (__tls_size_align = (((__tls_size + __tls_align) - 0x1) & ~ ((__tls_align - 0x1))))
                [!provide]                        PROVIDE (__arm32_tls_tcb_offset = MAX (0x8, __tls_align))
                [!provide]                        PROVIDE (_end = __end__)
                [!provide]                        PROVIDE (__llvm_libc_heap_limit = __HeapLimit)
                0x00000001                        ASSERT ((__StackLimit >= __HeapLimit), region RAM overflowed)
                0x00000001                        ASSERT (((__binary_info_header_end - __logical_binary_start) <= 0x100), Binary info must be in first 256 bytes of the binary)
LOAD CMakeFiles/pokemon_bank.dir/src/main.c.o
LOAD CMakeFiles/pokemon_bank.dir/src/gb_link.c.o
LOAD CMakeFiles/pokemon_bank.dir/src/pokemon_data.c.o
LOAD CMakeFiles/pokemon_bank.dir/src/pokemon_trade.c.o
LOAD CMakeFiles/pokemon_bank.dir/src/pokemon_storage.c.o
LOAD CMakeFiles/pokemon_bank.dir/src/webui_protocol.c.o
LOAD CMakeFiles/pokemon_bank.dir/src/usb_descriptors.c.o
LOAD CMakeFiles/pokemon_bank.dir/home/corey/pico-sdk/src/rp2_common/pico_stdlib/stdlib.c.o
LOAD CMakeFiles/pokemon_bank.dir/home/corey/pico-sdk/src/rp2_common/hardware_gpio/gpio.c.o